Archive member included to satisfy reference by file (symbol)

D:/STM32CubeIDE_1.13.2/STM32CubeIDE/plugins/com.st.stm32cube.ide.mcu.externaltools.gnu-tools-for-stm32.11.3.rel1.win32_1.1.1.202309131626/tools/bin/../lib/gcc/arm-none-eabi/11.3.1/../../../../arm-none-eabi/lib/thumb/v7e-m+fp/hard\libc_nano.a(libc_a-exit.o)
                              D:/STM32CubeIDE_1.13.2/STM32CubeIDE/plugins/com.st.stm32cube.ide.mcu.externaltools.gnu-tools-for-stm32.11.3.rel1.win32_1.1.1.202309131626/tools/bin/../lib/gcc/arm-none-eabi/11.3.1/../../../../arm-none-eabi/lib/thumb/v7e-m+fp/hard/crt0.o (exit)
D:/STM32CubeIDE_1.13.2/STM32CubeIDE/plugins/com.st.stm32cube.ide.mcu.externaltools.gnu-tools-for-stm32.11.3.rel1.win32_1.1.1.202309131626/tools/bin/../lib/gcc/arm-none-eabi/11.3.1/../../../../arm-none-eabi/lib/thumb/v7e-m+fp/hard\libc_nano.a(libc_a-findfp.o)
                              D:/STM32CubeIDE_1.13.2/STM32CubeIDE/plugins/com.st.stm32cube.ide.mcu.externaltools.gnu-tools-for-stm32.11.3.rel1.win32_1.1.1.202309131626/tools/bin/../lib/gcc/arm-none-eabi/11.3.1/../../../../arm-none-eabi/lib/thumb/v7e-m+fp/hard\libc_nano.a(libc_a-exit.o) (__stdio_exit_handler)
D:/STM32CubeIDE_1.13.2/STM32CubeIDE/plugins/com.st.stm32cube.ide.mcu.externaltools.gnu-tools-for-stm32.11.3.rel1.win32_1.1.1.202309131626/tools/bin/../lib/gcc/arm-none-eabi/11.3.1/../../../../arm-none-eabi/lib/thumb/v7e-m+fp/hard\libc_nano.a(libc_a-fwalk.o)
                              D:/STM32CubeIDE_1.13.2/STM32CubeIDE/plugins/com.st.stm32cube.ide.mcu.externaltools.gnu-tools-for-stm32.11.3.rel1.win32_1.1.1.202309131626/tools/bin/../lib/gcc/arm-none-eabi/11.3.1/../../../../arm-none-eabi/lib/thumb/v7e-m+fp/hard\libc_nano.a(libc_a-findfp.o) (_fwalk_sglue)
D:/STM32CubeIDE_1.13.2/STM32CubeIDE/plugins/com.st.stm32cube.ide.mcu.externaltools.gnu-tools-for-stm32.11.3.rel1.win32_1.1.1.202309131626/tools/bin/../lib/gcc/arm-none-eabi/11.3.1/../../../../arm-none-eabi/lib/thumb/v7e-m+fp/hard\libc_nano.a(libc_a-puts.o)
                              ./lmic/radio.o (puts)
D:/STM32CubeIDE_1.13.2/STM32CubeIDE/plugins/com.st.stm32cube.ide.mcu.externaltools.gnu-tools-for-stm32.11.3.rel1.win32_1.1.1.202309131626/tools/bin/../lib/gcc/arm-none-eabi/11.3.1/../../../../arm-none-eabi/lib/thumb/v7e-m+fp/hard\libc_nano.a(libc_a-stdio.o)
                              D:/STM32CubeIDE_1.13.2/STM32CubeIDE/plugins/com.st.stm32cube.ide.mcu.externaltools.gnu-tools-for-stm32.11.3.rel1.win32_1.1.1.202309131626/tools/bin/../lib/gcc/arm-none-eabi/11.3.1/../../../../arm-none-eabi/lib/thumb/v7e-m+fp/hard\libc_nano.a(libc_a-findfp.o) (__sread)
D:/STM32CubeIDE_1.13.2/STM32CubeIDE/plugins/com.st.stm32cube.ide.mcu.externaltools.gnu-tools-for-stm32.11.3.rel1.win32_1.1.1.202309131626/tools/bin/../lib/gcc/arm-none-eabi/11.3.1/../../../../arm-none-eabi/lib/thumb/v7e-m+fp/hard\libc_nano.a(libc_a-vsnprintf.o)
                              ./stm32/debug.o (vsnprintf)
D:/STM32CubeIDE_1.13.2/STM32CubeIDE/plugins/com.st.stm32cube.ide.mcu.externaltools.gnu-tools-for-stm32.11.3.rel1.win32_1.1.1.202309131626/tools/bin/../lib/gcc/arm-none-eabi/11.3.1/../../../../arm-none-eabi/lib/thumb/v7e-m+fp/hard\libc_nano.a(libc_a-wbuf.o)
                              D:/STM32CubeIDE_1.13.2/STM32CubeIDE/plugins/com.st.stm32cube.ide.mcu.externaltools.gnu-tools-for-stm32.11.3.rel1.win32_1.1.1.202309131626/tools/bin/../lib/gcc/arm-none-eabi/11.3.1/../../../../arm-none-eabi/lib/thumb/v7e-m+fp/hard\libc_nano.a(libc_a-puts.o) (__swbuf_r)
D:/STM32CubeIDE_1.13.2/STM32CubeIDE/plugins/com.st.stm32cube.ide.mcu.externaltools.gnu-tools-for-stm32.11.3.rel1.win32_1.1.1.202309131626/tools/bin/../lib/gcc/arm-none-eabi/11.3.1/../../../../arm-none-eabi/lib/thumb/v7e-m+fp/hard\libc_nano.a(libc_a-wsetup.o)
                              D:/STM32CubeIDE_1.13.2/STM32CubeIDE/plugins/com.st.stm32cube.ide.mcu.externaltools.gnu-tools-for-stm32.11.3.rel1.win32_1.1.1.202309131626/tools/bin/../lib/gcc/arm-none-eabi/11.3.1/../../../../arm-none-eabi/lib/thumb/v7e-m+fp/hard\libc_nano.a(libc_a-puts.o) (__swsetup_r)
D:/STM32CubeIDE_1.13.2/STM32CubeIDE/plugins/com.st.stm32cube.ide.mcu.externaltools.gnu-tools-for-stm32.11.3.rel1.win32_1.1.1.202309131626/tools/bin/../lib/gcc/arm-none-eabi/11.3.1/../../../../arm-none-eabi/lib/thumb/v7e-m+fp/hard\libc_nano.a(libc_a-memset.o)
                              D:/STM32CubeIDE_1.13.2/STM32CubeIDE/plugins/com.st.stm32cube.ide.mcu.externaltools.gnu-tools-for-stm32.11.3.rel1.win32_1.1.1.202309131626/tools/bin/../lib/gcc/arm-none-eabi/11.3.1/../../../../arm-none-eabi/lib/thumb/v7e-m+fp/hard/crt0.o (memset)
D:/STM32CubeIDE_1.13.2/STM32CubeIDE/plugins/com.st.stm32cube.ide.mcu.externaltools.gnu-tools-for-stm32.11.3.rel1.win32_1.1.1.202309131626/tools/bin/../lib/gcc/arm-none-eabi/11.3.1/../../../../arm-none-eabi/lib/thumb/v7e-m+fp/hard\libc_nano.a(libc_a-closer.o)
[...]
Memory Configuration

Name             Origin             Length             Attributes
CCMRAM           0x0000000010000000 0x0000000000004000 xrw
RAM              0x0000000020000000 0x0000000000010000 xrw
FLASH            0x0000000008000000 0x0000000000080000 xr
*default*        0x0000000000000000 0xffffffffffffffff

Linker script and memory map

LOAD D:/STM32CubeIDE_1.13.2/STM32CubeIDE/plugins/com.st.stm32cube.ide.mcu.externaltools.gnu-tools-for-stm32.11.3.rel1.win32_1.1.1.202309131626/tools/bin/../lib/gcc/arm-none-eabi/11.3.1/thumb/v7e-m+fp/hard/crti.o
LOAD D:/STM32CubeIDE_1.13.2/STM32CubeIDE/plugins/com.st.stm32cube.ide.mcu.externaltools.gnu-tools-for-stm32.11.3.rel1.win32_1.1.1.202309131626/tools/bin/../lib/gcc/arm-none-eabi/11.3.1/thumb/v7e-m+fp/hard/crtbegin.o
LOAD D:/STM32CubeIDE_1.13.2/STM32CubeIDE/plugins/com.st.stm32cube.ide.mcu.externaltools.gnu-tools-for-stm32.11.3.rel1.win32_1.1.1.202309131626/tools/bin/../lib/gcc/arm-none-eabi/11.3.1/../../../../arm-none-eabi/lib/thumb/v7e-m+fp/hard/crt0.o
LOAD ./Core/Src/main.o
LOAD ./Core/Src/stm32f3xx_hal_msp.o
LOAD ./Core/Src/stm32f3xx_it.o
LOAD ./Core/Src/syscalls.o
LOAD ./Core/Src/sysmem.o
LOAD ./Core/Src/system_stm32f3xx.o
LOAD ./Core/Startup/startup_stm32f303retx.o
LOAD ./Drivers/STM32F3xx_HAL_Driver/Src/stm32f3xx_hal.o
LOAD ./Drivers/STM32F3xx_HAL_Driver/Src/stm32f3xx_hal_cortex.o
LOAD ./Drivers/STM32F3xx_HAL_Driver/Src/stm32f3xx_hal_dma.o
LOAD ./Drivers/STM32F3xx_HAL_Driver/Src/stm32f3xx_hal_exti.o
LOAD ./Drivers/STM32F3xx_HAL_Driver/Src/stm32f3xx_hal_flash.o
LOAD ./Drivers/STM32F3xx_HAL_Driver/Src/stm32f3xx_hal_flash_ex.o
LOAD ./Drivers/STM32F3xx_HAL_Driver/Src/stm32f3xx_hal_gpio.o
LOAD ./Drivers/STM32F3xx_HAL_Driver/Src/stm32f3xx_hal_i2c.o
LOAD ./Drivers/STM32F3xx_HAL_Driver/Src/stm32f3xx_hal_i2c_ex.o
LOAD ./Drivers/STM32F3xx_HAL_Driver/Src/stm32f3xx_hal_pwr.o
LOAD ./Drivers/STM32F3xx_HAL_Driver/Src/stm32f3xx_hal_pwr_ex.o
LOAD ./Drivers/STM32F3xx_HAL_Driver/Src/stm32f3xx_hal_rcc.o
LOAD ./Drivers/STM32F3xx_HAL_Driver/Src/stm32f3xx_hal_rcc_ex.o
LOAD ./Drivers/STM32F3xx_HAL_Driver/Src/stm32f3xx_hal_spi.o
LOAD ./Drivers/STM32F3xx_HAL_Driver/Src/stm32f3xx_hal_spi_ex.o
LOAD ./Drivers/STM32F3xx_HAL_Driver/Src/stm32f3xx_hal_tim.o
LOAD ./Drivers/STM32F3xx_HAL_Driver/Src/stm32f3xx_hal_tim_ex.o
LOAD ./Drivers/STM32F3xx_HAL_Driver/Src/stm32f3xx_hal_uart.o
LOAD ./Drivers/STM32F3xx_HAL_Driver/Src/stm32f3xx_hal_uart_ex.o
LOAD ./aes/lmic.o
LOAD ./aes/other.o
LOAD ./lmic/lmic.o
LOAD ./lmic/oslmic.o
LOAD ./lmic/radio.o
LOAD ./stm32/debug.o
LOAD ./stm32/eeprom.o
LOAD ./stm32/hal.o
LOAD ./stm32/hw.o
START GROUP
LOAD D:/STM32CubeIDE_1.13.2/STM32CubeIDE/plugins/com.st.stm32cube.ide.mcu.externaltools.gnu-tools-for-stm32.11.3.rel1.win32_1.1.1.202309131626/tools/bin/../lib/gcc/arm-none-eabi/11.3.1/../../../../arm-none-eabi/lib/thumb/v7e-m+fp/hard\libc_nano.a
LOAD D:/STM32CubeIDE_1.13.2/STM32CubeIDE/plugins/com.st.stm32cube.ide.mcu.externaltools.gnu-tools-for-stm32.11.3.rel1.win32_1.1.1.202309131626/tools/bin/../lib/gcc/arm-none-eabi/11.3.1/../../../../arm-none-eabi/lib/thumb/v7e-m+fp/hard\libm.a
END GROUP
START GROUP
LOAD D:/STM32CubeIDE_1.13.2/STM32CubeIDE/plugins/com.st.stm32cube.ide.mcu.externaltools.gnu-tools-for-stm32.11.3.rel1.win32_1.1.1.202309131626/tools/bin/../lib/gcc/arm-none-eabi/11.3.1/thumb/v7e-m+fp/hard\libgcc.a
LOAD D:/STM32CubeIDE_1.13.2/STM32CubeIDE/plugins/com.st.stm32cube.ide.mcu.externaltools.gnu-tools-for-stm32.11.3.rel1.win32_1.1.1.202309131626/tools/bin/../lib/gcc/arm-none-eabi/11.3.1/../../../../arm-none-eabi/lib/thumb/v7e-m+fp/hard\libc_nano.a
END GROUP
START GROUP
LOAD D:/STM32CubeIDE_1.13.2/STM32CubeIDE/plugins/com.st.stm32cube.ide.mcu.externaltools.gnu-tools-for-stm32.11.3.rel1.win32_1.1.1.202309131626/tools/bin/../lib/gcc/arm-none-eabi/11.3.1/thumb/v7e-m+fp/hard\libgcc.a
LOAD D:/STM32CubeIDE_1.13.2/STM32CubeIDE/plugins/com.st.stm32cube.ide.mcu.externaltools.gnu-tools-for-stm32.11.3.rel1.win32_1.1.1.202309131626/tools/bin/../lib/gcc/arm-none-eabi/11.3.1/../../../../arm-none-eabi/lib/thumb/v7e-m+fp/hard\libc_nano.a
LOAD D:/STM32CubeIDE_1.13.2/STM32CubeIDE/plugins/com.st.stm32cube.ide.mcu.externaltools.gnu-tools-for-stm32.11.3.rel1.win32_1.1.1.202309131626/tools/bin/../lib/gcc/arm-none-eabi/11.3.1/../../../../arm-none-eabi/lib/thumb/v7e-m+fp/hard\libnosys.a
END GROUP
START GROUP
LOAD D:/STM32CubeIDE_1.13.2/STM32CubeIDE/plugins/com.st.stm32cube.ide.mcu.externaltools.gnu-tools-for-stm32.11.3.rel1.win32_1.1.1.202309131626/tools/bin/../lib/gcc/arm-none-eabi/11.3.1/thumb/v7e-m+fp/hard\libgcc.a
LOAD D:/STM32CubeIDE_1.13.2/STM32CubeIDE/plugins/com.st.stm32cube.ide.mcu.externaltools.gnu-tools-for-stm32.11.3.rel1.win32_1.1.1.202309131626/tools/bin/../lib/gcc/arm-none-eabi/11.3.1/../../../../arm-none-eabi/lib/thumb/v7e-m+fp/hard\libc_nano.a
LOAD D:/STM32CubeIDE_1.13.2/STM32CubeIDE/plugins/com.st.stm32cube.ide.mcu.externaltools.gnu-tools-for-stm32.11.3.rel1.win32_1.1.1.202309131626/tools/bin/../lib/gcc/arm-none-eabi/11.3.1/../../../../arm-none-eabi/lib/thumb/v7e-m+fp/hard\libnosys.a
END GROUP
LOAD D:/STM32CubeIDE_1.13.2/STM32CubeIDE/plugins/com.st.stm32cube.ide.mcu.externaltools.gnu-tools-for-stm32.11.3.rel1.win32_1.1.1.202309131626/tools/bin/../lib/gcc/arm-none-eabi/11.3.1/thumb/v7e-m+fp/hard/crtend.o
LOAD D:/STM32CubeIDE_1.13.2/STM32CubeIDE/plugins/com.st.stm32cube.ide.mcu.externaltools.gnu-tools-for-stm32.11.3.rel1.win32_1.1.1.202309131626/tools/bin/../lib/gcc/arm-none-eabi/11.3.1/thumb/v7e-m+fp/hard/crtn.o
                0x0000000020010000                _estack = (ORIGIN (RAM) + LENGTH (RAM))
                0x0000000000000200                _Min_Heap_Size = 0x200
                0x0000000000000400                _Min_Stack_Size = 0x400

.isr_vector     0x0000000008000000      0x194
                0x0000000008000000                . = ALIGN (0x4)
 *(.isr_vector)
 .isr_vector    0x0000000008000000      0x194 ./Core/Startup/startup_stm32f303retx.o
                0x0000000008000000                g_pfnVectors
                0x0000000008000194                . = ALIGN (0x4)

.text           0x00000000080001a0     0xc450
                0x00000000080001a0                . = ALIGN (0x4)
 *(.text)
 .text          0x00000000080001a0       0x40 D:/STM32CubeIDE_1.13.2/STM32CubeIDE/plugins/com.st.stm32cube.ide.mcu.externaltools.gnu-tools-for-stm32.11.3.rel1.win32_1.1.1.202309131626/tools/bin/../lib/gcc/arm-none-eabi/11.3.1/thumb/v7e-m+fp/hard/crtbegin.o
 .text          0x00000000080001e0       0x10 D:/STM32CubeIDE_1.13.2/STM32CubeIDE/plugins/com.st.stm32cube.ide.mcu.externaltools.gnu-tools-for-stm32.11.3.rel1.win32_1.1.1.202309131626/tools/bin/../lib/gcc/arm-none-eabi/11.3.1/../../../../arm-none-eabi/lib/thumb/v7e-m+fp/hard\libc_nano.a(libc_a-strlen.o)
                0x00000000080001e0                strlen
 .text          0x00000000080001f0       0xa0 D:/STM32CubeIDE_1.13.2/STM32CubeIDE/plugins/com.st.stm32cube.ide.mcu.externaltools.gnu-tools-for-stm32.11.3.rel1.win32_1.1.1.202309131626/tools/bin/../lib/gcc/arm-none-eabi/11.3.1/../../../../arm-none-eabi/lib/thumb/v7e-m+fp/hard\libc_nano.a(libc_a-memchr.o)
                0x00000000080001f0                memchr
 .text          0x0000000008000290       0x30 D:/STM32CubeIDE_1.13.2/STM32CubeIDE/plugins/com.st.stm32cube.ide.mcu.externaltools.gnu-tools-for-stm32.11.3.rel1.win32_1.1.1.202309131626/tools/bin/../lib/gcc/arm-none-eabi/11.3.1/thumb/v7e-m+fp/hard\libgcc.a(_aeabi_uldivmod.o)
                0x0000000008000290                __aeabi_uldivmod
 .text          0x00000000080002c0      0x2c8 D:/STM32CubeIDE_1.13.2/STM32CubeIDE/plugins/com.st.stm32cube.ide.mcu.externaltools.gnu-tools-for-stm32.11.3.rel1.win32_1.1.1.202309131626/tools/bin/../lib/gcc/arm-none-eabi/11.3.1/thumb/v7e-m+fp/hard\libgcc.a(_udivmoddi4.o)
                0x00000000080002c0                __udivmoddi4
 .text          0x0000000008000588        0x4 D:/STM32CubeIDE_1.13.2/STM32CubeIDE/plugins/com.st.stm32cube.ide.mcu.externaltools.gnu-tools-for-stm32.11.3.rel1.win32_1.1.1.202309131626/tools/bin/../lib/gcc/arm-none-eabi/11.3.1/thumb/v7e-m+fp/hard\libgcc.a(_dvmd_tls.o)
                0x0000000008000588                __aeabi_idiv0
                0x0000000008000588                __aeabi_ldiv0
 *(.text*)
 .text.os_getArtEui
                0x000000000800058c       0x28 ./Core/Src/main.o
                0x000000000800058c                os_getArtEui
 .text.os_getDevEui
                0x00000000080005b4       0x28 ./Core/Src/main.o
                0x00000000080005b4                os_getDevEui
 .text.os_getDevKey
                0x00000000080005dc       0x28 ./Core/Src/main.o
                0x00000000080005dc                os_getDevKey
 .text.do_send  0x0000000008000604       0xd8 ./Core/Src/main.o
                0x0000000008000604                do_send
 .text.onEvent  0x00000000080006dc      0x1b8 ./Core/Src/main.o
                0x00000000080006dc                onEvent
 .text.initfunc
                0x0000000008000894       0x84 ./Core/Src/main.o
                0x0000000008000894                initfunc
 .text.main     0x0000000008000918       0x68 ./Core/Src/main.o
                0x0000000008000918                main
 .text.SystemClock_Config
                0x0000000008000980       0xc4 ./Core/Src/main.o
                0x0000000008000980                SystemClock_Config
 .text.MX_SPI2_Init
                0x0000000008000a44       0x7c ./Core/Src/main.o
 .text.MX_TIM4_Init
                0x0000000008000ac0       0xb0 ./Core/Src/main.o
 .text.MX_TIM7_Init
                0x0000000008000b70       0x70 ./Core/Src/main.o
 .text.MX_USART1_UART_Init
                0x0000000008000be0       0x60 ./Core/Src/main.o
 .text.MX_GPIO_Init
                0x0000000008000c40       0xfc ./Core/Src/main.o
 .text.Error_Handler
                0x0000000008000d3c        0xa ./Core/Src/main.o
                0x0000000008000d3c                Error_Handler
 *fill*         0x0000000008000d46        0x2 
 .text.HAL_MspInit
                0x0000000008000d48       0x48 ./Core/Src/stm32f3xx_hal_msp.o
                0x0000000008000d48                HAL_MspInit
 .text.HAL_SPI_MspInit
                0x0000000008000d90       0x88 ./Core/Src/stm32f3xx_hal_msp.o
                0x0000000008000d90                HAL_SPI_MspInit
 .text.HAL_TIM_OC_MspInit
                0x0000000008000e18       0x4c ./Core/Src/stm32f3xx_hal_msp.o
                0x0000000008000e18                HAL_TIM_OC_MspInit
 .text.HAL_TIM_Base_MspInit
                0x0000000008000e64       0x4c ./Core/Src/stm32f3xx_hal_msp.o
                0x0000000008000e64                HAL_TIM_Base_MspInit
 .text.HAL_UART_MspInit
                0x0000000008000eb0       0x98 ./Core/Src/stm32f3xx_hal_msp.o
                0x0000000008000eb0                HAL_UART_MspInit
 .text.NMI_Handler
                0x0000000008000f48        0x6 ./Core/Src/stm32f3xx_it.o
                0x0000000008000f48                NMI_Handler
 .text.HardFault_Handler
                0x0000000008000f4e        0x6 ./Core/Src/stm32f3xx_it.o
                0x0000000008000f4e                HardFault_Handler
 .text.MemManage_Handler
                0x0000000008000f54        0x6 ./Core/Src/stm32f3xx_it.o
                0x0000000008000f54                MemManage_Handler
 .text.BusFault_Handler
                0x0000000008000f5a        0x6 ./Core/Src/stm32f3xx_it.o
                0x0000000008000f5a                BusFault_Handler
 .text.UsageFault_Handler
                0x0000000008000f60        0x6 ./Core/Src/stm32f3xx_it.o
                0x0000000008000f60                UsageFault_Handler
 .text.SVC_Handler
                0x0000000008000f66        0xe ./Core/Src/stm32f3xx_it.o
                0x0000000008000f66                SVC_Handler
 .text.DebugMon_Handler
                0x0000000008000f74        0xe ./Core/Src/stm32f3xx_it.o
                0x0000000008000f74                DebugMon_Handler
 .text.PendSV_Handler
                0x0000000008000f82        0xe ./Core/Src/stm32f3xx_it.o
                0x0000000008000f82                PendSV_Handler
 .text.SysTick_Handler
                0x0000000008000f90        0xc ./Core/Src/stm32f3xx_it.o
                0x0000000008000f90                SysTick_Handler
 .text.EXTI0_IRQHandler
                0x0000000008000f9c        0xe ./Core/Src/stm32f3xx_it.o
                0x0000000008000f9c                EXTI0_IRQHandler
 .text.EXTI1_IRQHandler
                0x0000000008000faa        0xe ./Core/Src/stm32f3xx_it.o
                0x0000000008000faa                EXTI1_IRQHandler
 .text.EXTI9_5_IRQHandler
                0x0000000008000fb8        0xe ./Core/Src/stm32f3xx_it.o
                0x0000000008000fb8                EXTI9_5_IRQHandler
 *fill*         0x0000000008000fc6        0x2 
 .text.TIM4_IRQHandler
                0x0000000008000fc8       0x14 ./Core/Src/stm32f3xx_it.o
                0x0000000008000fc8                TIM4_IRQHandler
 .text.USART1_IRQHandler
                0x0000000008000fdc       0x14 ./Core/Src/stm32f3xx_it.o
                0x0000000008000fdc                USART1_IRQHandler
 .text.TIM7_IRQHandler
                0x0000000008000ff0       0x14 ./Core/Src/stm32f3xx_it.o
                0x0000000008000ff0                TIM7_IRQHandler
 .text._read    0x0000000008001004       0x3a ./Core/Src/syscalls.o
                0x0000000008001004                _read
 .text._write   0x000000000800103e       0x38 ./Core/Src/syscalls.o
                0x000000000800103e                _write
 .text._close   0x0000000008001076       0x18 ./Core/Src/syscalls.o
                0x0000000008001076                _close
 .text._fstat   0x000000000800108e       0x20 ./Core/Src/syscalls.o
                0x000000000800108e                _fstat
 .text._isatty  0x00000000080010ae       0x16 ./Core/Src/syscalls.o
                0x00000000080010ae                _isatty
 .text._lseek   0x00000000080010c4       0x1a ./Core/Src/syscalls.o
                0x00000000080010c4                _lseek
 *fill*         0x00000000080010de        0x2 
 .text._sbrk    0x00000000080010e0       0x6c ./Core/Src/sysmem.o
                0x00000000080010e0                _sbrk
 .text.SystemInit
                0x000000000800114c       0x24 ./Core/Src/system_stm32f3xx.o
                0x000000000800114c                SystemInit
 .text.Reset_Handler
                0x0000000008001170       0x50 ./Core/Startup/startup_stm32f303retx.o
                0x0000000008001170                Reset_Handler
 .text.Default_Handler
                0x00000000080011c0        0x2 ./Core/Startup/startup_stm32f303retx.o
                0x00000000080011c0                RTC_Alarm_IRQHandler
                0x00000000080011c0                TIM8_TRG_COM_IRQHandler
                0x00000000080011c0                TIM8_CC_IRQHandler
                0x00000000080011c0                SPI4_IRQHandler
                0x00000000080011c0                TIM1_CC_IRQHandler
                0x00000000080011c0                USB_HP_IRQHandler
                0x00000000080011c0                PVD_IRQHandler
                0x00000000080011c0                TAMP_STAMP_IRQHandler
                0x00000000080011c0                EXTI3_IRQHandler
                0x00000000080011c0                I2C3_ER_IRQHandler
                0x00000000080011c0                USB_HP_CAN_TX_IRQHandler
                0x00000000080011c0                I2C2_EV_IRQHandler
                0x00000000080011c0                FPU_IRQHandler
                0x00000000080011c0                TIM1_UP_TIM16_IRQHandler
                0x00000000080011c0                ADC1_2_IRQHandler
                0x00000000080011c0                SPI1_IRQHandler
                0x00000000080011c0                CAN_SCE_IRQHandler
                0x00000000080011c0                TIM6_DAC_IRQHandler
                0x00000000080011c0                TIM8_UP_IRQHandler
                0x00000000080011c0                DMA2_Channel2_IRQHandler
                0x00000000080011c0                DMA1_Channel4_IRQHandler
                0x00000000080011c0                TIM20_TRG_COM_IRQHandler
                0x00000000080011c0                USART3_IRQHandler
                0x00000000080011c0                DMA1_Channel7_IRQHandler
                0x00000000080011c0                UART5_IRQHandler
                0x00000000080011c0                ADC3_IRQHandler
                0x00000000080011c0                CAN_RX1_IRQHandler
                0x00000000080011c0                DMA2_Channel1_IRQHandler
                0x00000000080011c0                I2C1_EV_IRQHandler
                0x00000000080011c0                DMA1_Channel6_IRQHandler
                0x00000000080011c0                UART4_IRQHandler
                0x00000000080011c0                DMA2_Channel4_IRQHandler
                0x00000000080011c0                TIM3_IRQHandler
                0x00000000080011c0                RCC_IRQHandler
                0x00000000080011c0                TIM20_UP_IRQHandler
                0x00000000080011c0                DMA1_Channel1_IRQHandler
                0x00000000080011c0                Default_Handler
                0x00000000080011c0                USBWakeUp_RMP_IRQHandler
                0x00000000080011c0                EXTI15_10_IRQHandler
                0x00000000080011c0                I2C3_EV_IRQHandler
                0x00000000080011c0                RTC_WKUP_IRQHandler
                0x00000000080011c0                SPI2_IRQHandler
                0x00000000080011c0                USB_LP_CAN_RX0_IRQHandler
                0x00000000080011c0                DMA2_Channel5_IRQHandler
                0x00000000080011c0                DMA1_Channel5_IRQHandler
                0x00000000080011c0                USB_LP_IRQHandler
                0x00000000080011c0                EXTI4_IRQHandler
                0x00000000080011c0                TIM1_TRG_COM_TIM17_IRQHandler
                0x00000000080011c0                DMA1_Channel3_IRQHandler
                0x00000000080011c0                ADC4_IRQHandler
                0x00000000080011c0                WWDG_IRQHandler
                0x00000000080011c0                TIM2_IRQHandler
                0x00000000080011c0                COMP7_IRQHandler
                0x00000000080011c0                COMP1_2_3_IRQHandler
                0x00000000080011c0                USART2_IRQHandler
                0x00000000080011c0                COMP4_5_6_IRQHandler
                0x00000000080011c0                TIM20_BRK_IRQHandler
                0x00000000080011c0                I2C2_ER_IRQHandler
                0x00000000080011c0                DMA1_Channel2_IRQHandler
                0x00000000080011c0                TIM8_BRK_IRQHandler
                0x00000000080011c0                FLASH_IRQHandler
                0x00000000080011c0                TIM20_CC_IRQHandler
                0x00000000080011c0                SPI3_IRQHandler
                0x00000000080011c0                I2C1_ER_IRQHandler
                0x00000000080011c0                FMC_IRQHandler
                0x00000000080011c0                USBWakeUp_IRQHandler
                0x00000000080011c0                DMA2_Channel3_IRQHandler
                0x00000000080011c0                EXTI2_TSC_IRQHandler
                0x00000000080011c0                TIM1_BRK_TIM15_IRQHandler
 *fill*         0x00000000080011c2        0x2 
 .text.HAL_Init
                0x00000000080011c4       0x2c ./Drivers/STM32F3xx_HAL_Driver/Src/stm32f3xx_hal.o
                0x00000000080011c4                HAL_Init
 .text.HAL_InitTick
                0x00000000080011f0       0x60 ./Drivers/STM32F3xx_HAL_Driver/Src/stm32f3xx_hal.o
                0x00000000080011f0                HAL_InitTick
 .text.HAL_IncTick
                0x0000000008001250       0x28 ./Drivers/STM32F3xx_HAL_Driver/Src/stm32f3xx_hal.o
                0x0000000008001250                HAL_IncTick
 .text.HAL_GetTick
                0x0000000008001278       0x18 ./Drivers/STM32F3xx_HAL_Driver/Src/stm32f3xx_hal.o
                0x0000000008001278                HAL_GetTick
 .text.HAL_SuspendTick
                0x0000000008001290       0x20 ./Drivers/STM32F3xx_HAL_Driver/Src/stm32f3xx_hal.o
                0x0000000008001290                HAL_SuspendTick
 .text.HAL_ResumeTick
                0x00000000080012b0       0x20 ./Drivers/STM32F3xx_HAL_Driver/Src/stm32f3xx_hal.o
                0x00000000080012b0                HAL_ResumeTick
 .text.__NVIC_SetPriorityGrouping
                0x00000000080012d0       0x48 ./Drivers/STM32F3xx_HAL_Driver/Src/stm32f3xx_hal_cortex.o
 .text.__NVIC_GetPriorityGrouping
                0x0000000008001318       0x1c ./Drivers/STM32F3xx_HAL_Driver/Src/stm32f3xx_hal_cortex.o
 .text.__NVIC_EnableIRQ
                0x0000000008001334       0x3c ./Drivers/STM32F3xx_HAL_Driver/Src/stm32f3xx_hal_cortex.o
 .text.__NVIC_SetPriority
                0x0000000008001370       0x54 ./Drivers/STM32F3xx_HAL_Driver/Src/stm32f3xx_hal_cortex.o
 .text.NVIC_EncodePriority
                0x00000000080013c4       0x66 ./Drivers/STM32F3xx_HAL_Driver/Src/stm32f3xx_hal_cortex.o
 *fill*         0x000000000800142a        0x2 
 .text.SysTick_Config
                0x000000000800142c       0x44 ./Drivers/STM32F3xx_HAL_Driver/Src/stm32f3xx_hal_cortex.o
 .text.HAL_NVIC_SetPriorityGrouping
                0x0000000008001470       0x16 ./Drivers/STM32F3xx_HAL_Driver/Src/stm32f3xx_hal_cortex.o
                0x0000000008001470                HAL_NVIC_SetPriorityGrouping
 .text.HAL_NVIC_SetPriority
                0x0000000008001486       0x38 ./Drivers/STM32F3xx_HAL_Driver/Src/stm32f3xx_hal_cortex.o
                0x0000000008001486                HAL_NVIC_SetPriority
 .text.HAL_NVIC_EnableIRQ
                0x00000000080014be       0x1c ./Drivers/STM32F3xx_HAL_Driver/Src/stm32f3xx_hal_cortex.o
                0x00000000080014be                HAL_NVIC_EnableIRQ
 .text.HAL_SYSTICK_Config
                0x00000000080014da       0x18 ./Drivers/STM32F3xx_HAL_Driver/Src/stm32f3xx_hal_cortex.o
                0x00000000080014da                HAL_SYSTICK_Config
 .text.HAL_DMA_Abort
                0x00000000080014f2       0x72 ./Drivers/STM32F3xx_HAL_Driver/Src/stm32f3xx_hal_dma.o
                0x00000000080014f2                HAL_DMA_Abort
 .text.HAL_DMA_Abort_IT
                0x0000000008001564       0x7c ./Drivers/STM32F3xx_HAL_Driver/Src/stm32f3xx_hal_dma.o
                0x0000000008001564                HAL_DMA_Abort_IT
 .text.HAL_GPIO_Init
                0x00000000080015e0      0x314 ./Drivers/STM32F3xx_HAL_Driver/Src/stm32f3xx_hal_gpio.o
                0x00000000080015e0                HAL_GPIO_Init
 .text.HAL_GPIO_WritePin
                0x00000000080018f4       0x30 ./Drivers/STM32F3xx_HAL_Driver/Src/stm32f3xx_hal_gpio.o
                0x00000000080018f4                HAL_GPIO_WritePin
 .text.HAL_GPIO_EXTI_IRQHandler
                0x0000000008001924       0x30 ./Drivers/STM32F3xx_HAL_Driver/Src/stm32f3xx_hal_gpio.o
                0x0000000008001924                HAL_GPIO_EXTI_IRQHandler
 .text.HAL_PWR_EnterSLEEPMode
                0x0000000008001954       0x38 ./Drivers/STM32F3xx_HAL_Driver/Src/stm32f3xx_hal_pwr.o
                0x0000000008001954                HAL_PWR_EnterSLEEPMode
 .text.HAL_RCC_OscConfig
                0x000000000800198c     0x10a8 ./Drivers/STM32F3xx_HAL_Driver/Src/stm32f3xx_hal_rcc.o
                0x000000000800198c                HAL_RCC_OscConfig
 .text.HAL_RCC_ClockConfig
                0x0000000008002a34      0x2f8 ./Drivers/STM32F3xx_HAL_Driver/Src/stm32f3xx_hal_rcc.o
                0x0000000008002a34                HAL_RCC_ClockConfig
 .text.HAL_RCC_GetSysClockFreq
                0x0000000008002d2c       0xd4 ./Drivers/STM32F3xx_HAL_Driver/Src/stm32f3xx_hal_rcc.o
                0x0000000008002d2c                HAL_RCC_GetSysClockFreq
 .text.HAL_RCC_GetHCLKFreq
                0x0000000008002e00       0x18 ./Drivers/STM32F3xx_HAL_Driver/Src/stm32f3xx_hal_rcc.o
                0x0000000008002e00                HAL_RCC_GetHCLKFreq
 .text.HAL_RCC_GetPCLK1Freq
                0x0000000008002e18       0x44 ./Drivers/STM32F3xx_HAL_Driver/Src/stm32f3xx_hal_rcc.o
                0x0000000008002e18                HAL_RCC_GetPCLK1Freq
 .text.HAL_RCC_GetPCLK2Freq
                0x0000000008002e5c       0x44 ./Drivers/STM32F3xx_HAL_Driver/Src/stm32f3xx_hal_rcc.o
                0x0000000008002e5c                HAL_RCC_GetPCLK2Freq
 .text.HAL_RCCEx_PeriphCLKConfig
                0x0000000008002ea0      0x43c ./Drivers/STM32F3xx_HAL_Driver/Src/stm32f3xx_hal_rcc_ex.o
                0x0000000008002ea0                HAL_RCCEx_PeriphCLKConfig
 .text.HAL_SPI_Init
                0x00000000080032dc      0x156 ./Drivers/STM32F3xx_HAL_Driver/Src/stm32f3xx_hal_spi.o
                0x00000000080032dc                HAL_SPI_Init
 .text.HAL_SPI_Transmit
                0x0000000008003432      0x2ea ./Drivers/STM32F3xx_HAL_Driver/Src/stm32f3xx_hal_spi.o
                0x0000000008003432                HAL_SPI_Transmit
 .text.HAL_SPI_Receive
                0x000000000800371c      0x26e ./Drivers/STM32F3xx_HAL_Driver/Src/stm32f3xx_hal_spi.o
                0x000000000800371c                HAL_SPI_Receive
 .text.HAL_SPI_TransmitReceive
                0x000000000800398a      0x444 ./Drivers/STM32F3xx_HAL_Driver/Src/stm32f3xx_hal_spi.o
                0x000000000800398a                HAL_SPI_TransmitReceive
 *fill*         0x0000000008003dce        0x2 
 .text.SPI_WaitFlagStateUntilTimeout
                0x0000000008003dd0      0x110 ./Drivers/STM32F3xx_HAL_Driver/Src/stm32f3xx_hal_spi.o
 .text.SPI_WaitFifoStateUntilTimeout
                0x0000000008003ee0      0x12c ./Drivers/STM32F3xx_HAL_Driver/Src/stm32f3xx_hal_spi.o
 .text.SPI_EndRxTransaction
                0x000000000800400c       0xb0 ./Drivers/STM32F3xx_HAL_Driver/Src/stm32f3xx_hal_spi.o
 .text.SPI_EndRxTxTransaction
                0x00000000080040bc       0x8c ./Drivers/STM32F3xx_HAL_Driver/Src/stm32f3xx_hal_spi.o
 .text.HAL_TIM_Base_Init
                0x0000000008004148       0xae ./Drivers/STM32F3xx_HAL_Driver/Src/stm32f3xx_hal_tim.o
                0x0000000008004148                HAL_TIM_Base_Init
 *fill*         0x00000000080041f6        0x2 
 .text.HAL_TIM_Base_Start_IT
                0x00000000080041f8       0xe0 ./Drivers/STM32F3xx_HAL_Driver/Src/stm32f3xx_hal_tim.o
                0x00000000080041f8                HAL_TIM_Base_Start_IT
 .text.HAL_TIM_OC_Init
                0x00000000080042d8       0xae ./Drivers/STM32F3xx_HAL_Driver/Src/stm32f3xx_hal_tim.o
                0x00000000080042d8                HAL_TIM_OC_Init
 .text.HAL_TIM_IRQHandler
                0x0000000008004386      0x23e ./Drivers/STM32F3xx_HAL_Driver/Src/stm32f3xx_hal_tim.o
                0x0000000008004386                HAL_TIM_IRQHandler
 .text.HAL_TIM_OC_ConfigChannel
                0x00000000080045c4       0xf4 ./Drivers/STM32F3xx_HAL_Driver/Src/stm32f3xx_hal_tim.o
                0x00000000080045c4                HAL_TIM_OC_ConfigChannel
 .text.HAL_TIM_OC_DelayElapsedCallback
                0x00000000080046b8       0x14 ./Drivers/STM32F3xx_HAL_Driver/Src/stm32f3xx_hal_tim.o
                0x00000000080046b8                HAL_TIM_OC_DelayElapsedCallback
 .text.HAL_TIM_IC_CaptureCallback
                0x00000000080046cc       0x14 ./Drivers/STM32F3xx_HAL_Driver/Src/stm32f3xx_hal_tim.o
                0x00000000080046cc                HAL_TIM_IC_CaptureCallback
 .text.HAL_TIM_PWM_PulseFinishedCallback
                0x00000000080046e0       0x14 ./Drivers/STM32F3xx_HAL_Driver/Src/stm32f3xx_hal_tim.o
                0x00000000080046e0                HAL_TIM_PWM_PulseFinishedCallback
 .text.HAL_TIM_TriggerCallback
                0x00000000080046f4       0x14 ./Drivers/STM32F3xx_HAL_Driver/Src/stm32f3xx_hal_tim.o
                0x00000000080046f4                HAL_TIM_TriggerCallback
 .text.TIM_Base_SetConfig
                0x0000000008004708      0x13c ./Drivers/STM32F3xx_HAL_Driver/Src/stm32f3xx_hal_tim.o
                0x0000000008004708                TIM_Base_SetConfig
 .text.TIM_OC1_SetConfig
                0x0000000008004844      0x134 ./Drivers/STM32F3xx_HAL_Driver/Src/stm32f3xx_hal_tim.o
 .text.TIM_OC2_SetConfig
                0x0000000008004978      0x128 ./Drivers/STM32F3xx_HAL_Driver/Src/stm32f3xx_hal_tim.o
                0x0000000008004978                TIM_OC2_SetConfig
 .text.TIM_OC3_SetConfig
                0x0000000008004aa0      0x124 ./Drivers/STM32F3xx_HAL_Driver/Src/stm32f3xx_hal_tim.o
 .text.TIM_OC4_SetConfig
                0x0000000008004bc4       0xe0 ./Drivers/STM32F3xx_HAL_Driver/Src/stm32f3xx_hal_tim.o
 .text.TIM_OC5_SetConfig
                0x0000000008004ca4       0xd4 ./Drivers/STM32F3xx_HAL_Driver/Src/stm32f3xx_hal_tim.o
 .text.TIM_OC6_SetConfig
                0x0000000008004d78       0xd8 ./Drivers/STM32F3xx_HAL_Driver/Src/stm32f3xx_hal_tim.o
 .text.HAL_TIMEx_MasterConfigSynchronization
                0x0000000008004e50      0x118 ./Drivers/STM32F3xx_HAL_Driver/Src/stm32f3xx_hal_tim_ex.o
                0x0000000008004e50                HAL_TIMEx_MasterConfigSynchronization
 .text.HAL_TIMEx_CommutCallback
                0x0000000008004f68       0x14 ./Drivers/STM32F3xx_HAL_Driver/Src/stm32f3xx_hal_tim_ex.o
                0x0000000008004f68                HAL_TIMEx_CommutCallback
 .text.HAL_TIMEx_BreakCallback
                0x0000000008004f7c       0x14 ./Drivers/STM32F3xx_HAL_Driver/Src/stm32f3xx_hal_tim_ex.o
                0x0000000008004f7c                HAL_TIMEx_BreakCallback
 .text.HAL_TIMEx_Break2Callback
                0x0000000008004f90       0x14 ./Drivers/STM32F3xx_HAL_Driver/Src/stm32f3xx_hal_tim_ex.o
                0x0000000008004f90                HAL_TIMEx_Break2Callback
 .text.HAL_UART_Init
                0x0000000008004fa4       0x9c ./Drivers/STM32F3xx_HAL_Driver/Src/stm32f3xx_hal_uart.o
                0x0000000008004fa4                HAL_UART_Init
 .text.HAL_UART_Transmit
                0x0000000008005040      0x114 ./Drivers/STM32F3xx_HAL_Driver/Src/stm32f3xx_hal_uart.o
                0x0000000008005040                HAL_UART_Transmit
 .text.HAL_UART_IRQHandler
                0x0000000008005154      0x5cc ./Drivers/STM32F3xx_HAL_Driver/Src/stm32f3xx_hal_uart.o
                0x0000000008005154                HAL_UART_IRQHandler
 .text.HAL_UART_TxCpltCallback
                0x0000000008005720       0x14 ./Drivers/STM32F3xx_HAL_Driver/Src/stm32f3xx_hal_uart.o
                0x0000000008005720                HAL_UART_TxCpltCallback
 .text.HAL_UART_ErrorCallback
                0x0000000008005734       0x14 ./Drivers/STM32F3xx_HAL_Driver/Src/stm32f3xx_hal_uart.o
                0x0000000008005734                HAL_UART_ErrorCallback
 .text.HAL_UARTEx_RxEventCallback
                0x0000000008005748       0x18 ./Drivers/STM32F3xx_HAL_Driver/Src/stm32f3xx_hal_uart.o
                0x0000000008005748                HAL_UARTEx_RxEventCallback
 .text.UART_SetConfig
                0x0000000008005760      0x3a8 ./Drivers/STM32F3xx_HAL_Driver/Src/stm32f3xx_hal_uart.o
                0x0000000008005760                UART_SetConfig
 .text.UART_AdvFeatureConfig
                0x0000000008005b08      0x144 ./Drivers/STM32F3xx_HAL_Driver/Src/stm32f3xx_hal_uart.o
                0x0000000008005b08                UART_AdvFeatureConfig
 .text.UART_CheckIdleState
                0x0000000008005c4c      0x150 ./Drivers/STM32F3xx_HAL_Driver/Src/stm32f3xx_hal_uart.o
                0x0000000008005c4c                UART_CheckIdleState
 .text.UART_WaitOnFlagUntilTimeout
                0x0000000008005d9c       0xce ./Drivers/STM32F3xx_HAL_Driver/Src/stm32f3xx_hal_uart.o
                0x0000000008005d9c                UART_WaitOnFlagUntilTimeout
 .text.UART_EndRxTransfer
                0x0000000008005e6a       0xc8 ./Drivers/STM32F3xx_HAL_Driver/Src/stm32f3xx_hal_uart.o
 .text.UART_DMAAbortOnError
                0x0000000008005f32       0x2c ./Drivers/STM32F3xx_HAL_Driver/Src/stm32f3xx_hal_uart.o
 .text.UART_EndTransmit_IT
                0x0000000008005f5e       0x54 ./Drivers/STM32F3xx_HAL_Driver/Src/stm32f3xx_hal_uart.o
 .text.HAL_UARTEx_WakeupCallback
                0x0000000008005fb2       0x14 ./Drivers/STM32F3xx_HAL_Driver/Src/stm32f3xx_hal_uart_ex.o
                0x0000000008005fb2                HAL_UARTEx_WakeupCallback
 .text.table_get_u1
                0x0000000008005fc6       0x1e ./aes/lmic.o
                0x0000000008005fc6                table_get_u1
 .text.table_get_u2
                0x0000000008005fe4       0x20 ./aes/lmic.o
                0x0000000008005fe4                table_get_u2
 .text.table_get_u4
                0x0000000008006004       0x20 ./aes/lmic.o
                0x0000000008006004                table_get_u4
 .text.table_get_ostime
                0x0000000008006024       0x20 ./aes/lmic.o
                0x0000000008006024                table_get_ostime
 .text.aesroundkeys
                0x0000000008006044      0x108 ./aes/lmic.o
 .text.os_aes   0x000000000800614c      0xa4c ./aes/lmic.o
                0x000000000800614c                os_aes
 .text.getSf    0x0000000008006b98       0x20 ./lmic/lmic.o
                0x0000000008006b98                getSf
 .text.getBw    0x0000000008006bb8       0x24 ./lmic/lmic.o
                0x0000000008006bb8                getBw
 .text.getCr    0x0000000008006bdc       0x24 ./lmic/lmic.o
                0x0000000008006bdc                getCr
 .text.setCr    0x0000000008006c00       0x32 ./lmic/lmic.o
                0x0000000008006c00                setCr
 .text.getNocrc
                0x0000000008006c32       0x20 ./lmic/lmic.o
                0x0000000008006c32                getNocrc
 .text.setNocrc
                0x0000000008006c52       0x2e ./lmic/lmic.o
                0x0000000008006c52                setNocrc
 .text.getIh    0x0000000008006c80       0x1e ./lmic/lmic.o
                0x0000000008006c80                getIh
 .text.setIh    0x0000000008006c9e       0x2c ./lmic/lmic.o
                0x0000000008006c9e                setIh
 *fill*         0x0000000008006cca        0x2 
 .text.updr2rps
                0x0000000008006ccc       0x28 ./lmic/lmic.o
                0x0000000008006ccc                updr2rps
 .text.dndr2rps
                0x0000000008006cf4       0x26 ./lmic/lmic.o
                0x0000000008006cf4                dndr2rps
 *fill*         0x0000000008006d1a        0x2 
 .text.decDR    0x0000000008006d1c       0x30 ./lmic/lmic.o
                0x0000000008006d1c                decDR
 .text.validDR  0x0000000008006d4c       0x30 ./lmic/lmic.o
                0x0000000008006d4c                validDR
 .text.lowerDR  0x0000000008006d7c       0x32 ./lmic/lmic.o
                0x0000000008006d7c                lowerDR
 .text.os_rlsbf2
                0x0000000008006dae       0x2a ./lmic/lmic.o
                0x0000000008006dae                os_rlsbf2
 .text.os_rlsbf4
                0x0000000008006dd8       0x38 ./lmic/lmic.o
                0x0000000008006dd8                os_rlsbf4
 .text.os_rmsbf4
                0x0000000008006e10       0x38 ./lmic/lmic.o
                0x0000000008006e10                os_rmsbf4
 .text.os_wlsbf2
                0x0000000008006e48       0x2e ./lmic/lmic.o
                0x0000000008006e48                os_wlsbf2
 .text.os_wlsbf4
                0x0000000008006e76       0x42 ./lmic/lmic.o
                0x0000000008006e76                os_wlsbf4
 .text.os_wmsbf4
                0x0000000008006eb8       0x42 ./lmic/lmic.o
                0x0000000008006eb8                os_wmsbf4
 .text.os_getBattLevel
                0x0000000008006efa       0x10 ./lmic/lmic.o
                0x0000000008006efa                os_getBattLevel
 .text.os_crc16
                0x0000000008006f0a       0x7e ./lmic/lmic.o
                0x0000000008006f0a                os_crc16
 .text.micB0    0x0000000008006f88       0x68 ./lmic/lmic.o
 .text.aes_verifyMic
                0x0000000008006ff0       0x58 ./lmic/lmic.o
 .text.aes_appendMic
                0x0000000008007048       0x50 ./lmic/lmic.o
 .text.aes_appendMic0
                0x0000000008007098       0x3c ./lmic/lmic.o
 .text.aes_verifyMic0
                0x00000000080070d4       0x44 ./lmic/lmic.o
 .text.aes_encrypt
                0x0000000008007118       0x2c ./lmic/lmic.o
 .text.aes_cipher
                0x0000000008007144       0x88 ./lmic/lmic.o
 .text.aes_sessKeys
                0x00000000080071cc       0x78 ./lmic/lmic.o
 .text.getSensitivity
                0x0000000008007244       0x44 ./lmic/lmic.o
                0x0000000008007244                getSensitivity
 .text.calcAirTime
                0x0000000008007288      0x130 ./lmic/lmic.o
                0x0000000008007288                calcAirTime
 .text.calcRxWindow
                0x00000000080073b8       0xb8 ./lmic/lmic.o
 .text.calcBcnRxWindowFromMillis
                0x0000000008007470      0x114 ./lmic/lmic.o
 .text.rxschedInit
                0x0000000008007584      0x14c ./lmic/lmic.o
 .text.rxschedNext
                0x00000000080076d0       0x9c ./lmic/lmic.o
 .text.rndDelay
                0x000000000800776c       0x80 ./lmic/lmic.o
 .text.txDelay  0x00000000080077ec       0x58 ./lmic/lmic.o
 .text.setDrJoin
                0x0000000008007844       0x28 ./lmic/lmic.o
 .text.setDrTxpow
                0x000000000800786c       0x5c ./lmic/lmic.o
 .text.initDefaultChannels
                0x00000000080078c8       0x40 ./lmic/lmic.o
 .text.convFreq
                0x0000000008007908       0x44 ./lmic/lmic.o
 .text.LMIC_setupChannel
                0x000000000800794c       0x9c ./lmic/lmic.o
                0x000000000800794c                LMIC_setupChannel
 .text.LMIC_disableChannel
                0x00000000080079e8       0x5c ./lmic/lmic.o
                0x00000000080079e8                LMIC_disableChannel
 .text.LMIC_enableChannel
                0x0000000008007a44       0x58 ./lmic/lmic.o
                0x0000000008007a44                LMIC_enableChannel
 .text.LMIC_enableSubBand
                0x0000000008007a9c       0x54 ./lmic/lmic.o
                0x0000000008007a9c                LMIC_enableSubBand
 .text.LMIC_disableSubBand
                0x0000000008007af0       0x54 ./lmic/lmic.o
                0x0000000008007af0                LMIC_disableSubBand
 .text.LMIC_selectSubBand
                0x0000000008007b44       0x58 ./lmic/lmic.o
                0x0000000008007b44                LMIC_selectSubBand
 .text.mapChannels
                0x0000000008007b9c       0x80 ./lmic/lmic.o
 .text.updateTx
                0x0000000008007c1c       0xc4 ./lmic/lmic.o
 .text._nextTx  0x0000000008007ce0       0xe0 ./lmic/lmic.o
 .text.setBcnRxParams
                0x0000000008007dc0       0x58 ./lmic/lmic.o
 .text.initJoinLoop
                0x0000000008007e18       0x50 ./lmic/lmic.o
 .text.nextJoinState
                0x0000000008007e68       0xc0 ./lmic/lmic.o
 .text.runEngineUpdate
                0x0000000008007f28       0x14 ./lmic/lmic.o
 .text.reportEvent
                0x0000000008007f3c       0x1e ./lmic/lmic.o
 .text.runReset
                0x0000000008007f5a       0x1e ./lmic/lmic.o
 .text.stateJustJoined
                0x0000000008007f78       0xc0 ./lmic/lmic.o
 .text.decodeBeacon
                0x0000000008008038      0x134 ./lmic/lmic.o
 .text.decodeFrame
                0x000000000800816c      0x760 ./lmic/lmic.o
 .text.setupRx2
                0x00000000080088cc       0x40 ./lmic/lmic.o
 .text.schedRx12
                0x000000000800890c      0x104 ./lmic/lmic.o
 .text.setupRx1
                0x0000000008008a10       0x44 ./lmic/lmic.o
 .text.txDone   0x0000000008008a54       0xb0 ./lmic/lmic.o
 .text.onJoinFailed
                0x0000000008008b04       0x16 ./lmic/lmic.o
 *fill*         0x0000000008008b1a        0x2 
 .text.processJoinAccept
                0x0000000008008b1c      0x26c ./lmic/lmic.o
 .text.processRx2Jacc
                0x0000000008008d88       0x2c ./lmic/lmic.o
 .text.setupRx2Jacc
                0x0000000008008db4       0x24 ./lmic/lmic.o
 .text.processRx1Jacc
                0x0000000008008dd8       0x48 ./lmic/lmic.o
 .text.setupRx1Jacc
                0x0000000008008e20       0x1c ./lmic/lmic.o
 .text.jreqDone
                0x0000000008008e3c       0x20 ./lmic/lmic.o
 .text.processRx2DnData
                0x0000000008008e5c       0x40 ./lmic/lmic.o
 .text.setupRx2DnData
                0x0000000008008e9c       0x24 ./lmic/lmic.o
 .text.processRx1DnData
                0x0000000008008ec0       0x58 ./lmic/lmic.o
 .text.setupRx1DnData
                0x0000000008008f18       0x1c ./lmic/lmic.o
 .text.updataDone
                0x0000000008008f34       0x30 ./lmic/lmic.o
 .text.buildDataFrame
                0x0000000008008f64      0x3bc ./lmic/lmic.o
 .text.onBcnRx  0x0000000008009320       0xa8 ./lmic/lmic.o
 .text.startScan
                0x00000000080093c8       0xb8 ./lmic/lmic.o
 .text.buildJoinRequest
                0x0000000008009480       0x6c ./lmic/lmic.o
 .text.startJoining
                0x00000000080094ec       0x16 ./lmic/lmic.o
 *fill*         0x0000000008009502        0x2 
 .text.LMIC_startJoining
                0x0000000008009504       0x90 ./lmic/lmic.o
                0x0000000008009504                LMIC_startJoining
 .text.processPingRx
                0x0000000008009594       0x3c ./lmic/lmic.o
 .text.processDnData
                0x00000000080095d0      0x1fc ./lmic/lmic.o
 .text.processBeacon
                0x00000000080097cc      0x238 ./lmic/lmic.o
 .text.startRxPing
                0x0000000008009a04       0x24 ./lmic/lmic.o
 .text.engineUpdate
                0x0000000008009a28      0x3f4 ./lmic/lmic.o
 .text.LMIC_setDrTxpow
                0x0000000008009e1c       0x26 ./lmic/lmic.o
                0x0000000008009e1c                LMIC_setDrTxpow
 *fill*         0x0000000008009e42        0x2 
 .text.LMIC_reset
                0x0000000008009e44       0xa0 ./lmic/lmic.o
                0x0000000008009e44                LMIC_reset
 .text.LMIC_init
                0x0000000008009ee4       0x1c ./lmic/lmic.o
                0x0000000008009ee4                LMIC_init
 .text.LMIC_setTxData
                0x0000000008009f00       0x38 ./lmic/lmic.o
                0x0000000008009f00                LMIC_setTxData
 .text.LMIC_setTxData2
                0x0000000008009f38       0x64 ./lmic/lmic.o
                0x0000000008009f38                LMIC_setTxData2
 .text.LMIC_setSession
                0x0000000008009f9c       0x8c ./lmic/lmic.o
                0x0000000008009f9c                LMIC_setSession
 .text.LMIC_setLinkCheckMode
                0x000000000800a028       0x38 ./lmic/lmic.o
                0x000000000800a028                LMIC_setLinkCheckMode
 .text.os_init  0x000000000800a060       0x24 ./lmic/oslmic.o
                0x000000000800a060                os_init
 .text.os_getTime
                0x000000000800a084        0xe ./lmic/oslmic.o
                0x000000000800a084                os_getTime
 .text.unlinkjob
                0x000000000800a092       0x3e ./lmic/oslmic.o
 .text.os_clearCallback
                0x000000000800a0d0       0x60 ./lmic/oslmic.o
                0x000000000800a0d0                os_clearCallback
 .text.os_setCallback
                0x000000000800a130       0x60 ./lmic/oslmic.o
                0x000000000800a130                os_setCallback
 .text.os_setTimedCallback
                0x000000000800a190       0x84 ./lmic/oslmic.o
                0x000000000800a190                os_setTimedCallback
 .text.os_runloop_once
                0x000000000800a214       0x98 ./lmic/oslmic.o
                0x000000000800a214                os_runloop_once
 .text.writeReg
                0x000000000800a2ac       0x3a ./lmic/radio.o
 .text.readReg  0x000000000800a2e6       0x38 ./lmic/radio.o
 .text.writeBuf
                0x000000000800a31e       0x54 ./lmic/radio.o
 .text.readBuf  0x000000000800a372       0x56 ./lmic/radio.o
 .text.opmode   0x000000000800a3c8       0x34 ./lmic/radio.o
 .text.opmodeLora
                0x000000000800a3fc       0x24 ./lmic/radio.o
 .text.opmodeFSK
                0x000000000800a420       0x24 ./lmic/radio.o
 .text.configLoraModem
                0x000000000800a444      0x168 ./lmic/radio.o
 .text.configChannel
                0x000000000800a5ac       0x7c ./lmic/radio.o
 .text.configPower
                0x000000000800a628       0x60 ./lmic/radio.o
 .text.txfsk    0x000000000800a688       0xe4 ./lmic/radio.o
 .text.txlora   0x000000000800a76c      0x164 ./lmic/radio.o
 .text.starttx  0x000000000800a8d0       0x44 ./lmic/radio.o
 .text.rxlora   0x000000000800a914      0x1dc ./lmic/radio.o
 .text.rxfsk    0x000000000800aaf0       0xf0 ./lmic/radio.o
 .text.startrx  0x000000000800abe0       0x58 ./lmic/radio.o
 .text.radio_init
                0x000000000800ac38      0x178 ./lmic/radio.o
                0x000000000800ac38                radio_init
 .text.radio_rand1
                0x000000000800adb0       0x58 ./lmic/radio.o
                0x000000000800adb0                radio_rand1
 .text.radio_irq_handler
                0x000000000800ae08      0x1d0 ./lmic/radio.o
                0x000000000800ae08                radio_irq_handler
 .text.os_radio
                0x000000000800afd8       0x58 ./lmic/radio.o
                0x000000000800afd8                os_radio
 .text.printf   0x000000000800b030       0x44 ./stm32/debug.o
                0x000000000800b030                printf
 .text.debug_init
                0x000000000800b074       0x14 ./stm32/debug.o
                0x000000000800b074                debug_init
 .text.debug_char
                0x000000000800b088       0x24 ./stm32/debug.o
                0x000000000800b088                debug_char
 .text.debug_int
                0x000000000800b0ac       0x4a ./stm32/debug.o
                0x000000000800b0ac                debug_int
 *fill*         0x000000000800b0f6        0x2 
 .text.debug_str
                0x000000000800b0f8       0x28 ./stm32/debug.o
                0x000000000800b0f8                debug_str
 .text.debug_fmt
                0x000000000800b120       0xf0 ./stm32/debug.o
                0x000000000800b120                debug_fmt
 .text.debug_event
                0x000000000800b210       0x3c ./stm32/debug.o
                0x000000000800b210                debug_event
 .text.hal_io_init
                0x000000000800b24c        0xe ./stm32/hal.o
 .text.hal_pin_rxtx
                0x000000000800b25a       0x16 ./stm32/hal.o
                0x000000000800b25a                hal_pin_rxtx
 .text.hal_pin_nss
                0x000000000800b270       0x24 ./stm32/hal.o
                0x000000000800b270                hal_pin_nss
 .text.hal_pin_rst
                0x000000000800b294       0x24 ./stm32/hal.o
                0x000000000800b294                hal_pin_rst
 .text.HAL_GPIO_EXTI_Callback
                0x000000000800b2b8       0x36 ./stm32/hal.o
                0x000000000800b2b8                HAL_GPIO_EXTI_Callback
 .text.hal_spi_init
                0x000000000800b2ee        0xe ./stm32/hal.o
 .text.SPIWrite8bit
                0x000000000800b2fc       0x28 ./stm32/hal.o
                0x000000000800b2fc                SPIWrite8bit
 .text.SPIRead8bit
                0x000000000800b324       0x28 ./stm32/hal.o
                0x000000000800b324                SPIRead8bit
 .text.hal_time_init
                0x000000000800b34c        0xe ./stm32/hal.o
 *fill*         0x000000000800b35a        0x2 
 .text.hal_ticks
                0x000000000800b35c       0x60 ./stm32/hal.o
                0x000000000800b35c                hal_ticks
 .text.deltaticks
                0x000000000800b3bc       0x3a ./stm32/hal.o
 .text.hal_waitUntil
                0x000000000800b3f6       0x20 ./stm32/hal.o
                0x000000000800b3f6                hal_waitUntil
 *fill*         0x000000000800b416        0x2 
 .text.hal_checkTimer
                0x000000000800b418       0x7c ./stm32/hal.o
                0x000000000800b418                hal_checkTimer
 .text.HAL_TIM_PeriodElapsedCallback
                0x000000000800b494       0x44 ./stm32/hal.o
                0x000000000800b494                HAL_TIM_PeriodElapsedCallback
 .text.hal_disableIRQs
                0x000000000800b4d8       0x20 ./stm32/hal.o
                0x000000000800b4d8                hal_disableIRQs
 .text.hal_enableIRQs
                0x000000000800b4f8       0x28 ./stm32/hal.o
                0x000000000800b4f8                hal_enableIRQs
 .text.hal_sleep
                0x000000000800b520       0x14 ./stm32/hal.o
                0x000000000800b520                hal_sleep
 .text.hal_init
                0x000000000800b534       0x30 ./stm32/hal.o
                0x000000000800b534                hal_init
 .text.hal_failed
                0x000000000800b564       0x16 ./stm32/hal.o
                0x000000000800b564                hal_failed
 *fill*         0x000000000800b57a        0x2 
 .text.std      0x000000000800b57c       0x6c D:/STM32CubeIDE_1.13.2/STM32CubeIDE/plugins/com.st.stm32cube.ide.mcu.externaltools.gnu-tools-for-stm32.11.3.rel1.win32_1.1.1.202309131626/tools/bin/../lib/gcc/arm-none-eabi/11.3.1/../../../../arm-none-eabi/lib/thumb/v7e-m+fp/hard\libc_nano.a(libc_a-findfp.o)
 .text.stdio_exit_handler
                0x000000000800b5e8       0x18 D:/STM32CubeIDE_1.13.2/STM32CubeIDE/plugins/com.st.stm32cube.ide.mcu.externaltools.gnu-tools-for-stm32.11.3.rel1.win32_1.1.1.202309131626/tools/bin/../lib/gcc/arm-none-eabi/11.3.1/../../../../arm-none-eabi/lib/thumb/v7e-m+fp/hard\libc_nano.a(libc_a-findfp.o)
 .text.cleanup_stdio
                0x000000000800b600       0x40 D:/STM32CubeIDE_1.13.2/STM32CubeIDE/plugins/com.st.stm32cube.ide.mcu.externaltools.gnu-tools-for-stm32.11.3.rel1.win32_1.1.1.202309131626/tools/bin/../lib/gcc/arm-none-eabi/11.3.1/../../../../arm-none-eabi/lib/thumb/v7e-m+fp/hard\libc_nano.a(libc_a-findfp.o)
 .text.global_stdio_init.part.0
                0x000000000800b640       0x3c D:/STM32CubeIDE_1.13.2/STM32CubeIDE/plugins/com.st.stm32cube.ide.mcu.externaltools.gnu-tools-for-stm32.11.3.rel1.win32_1.1.1.202309131626/tools/bin/../lib/gcc/arm-none-eabi/11.3.1/../../../../arm-none-eabi/lib/thumb/v7e-m+fp/hard\libc_nano.a(libc_a-findfp.o)
 .text.__sfp_lock_acquire
                0x000000000800b67c        0xc D:/STM32CubeIDE_1.13.2/STM32CubeIDE/plugins/com.st.stm32cube.ide.mcu.externaltools.gnu-tools-for-stm32.11.3.rel1.win32_1.1.1.202309131626/tools/bin/../lib/gcc/arm-none-eabi/11.3.1/../../../../arm-none-eabi/lib/thumb/v7e-m+fp/hard\libc_nano.a(libc_a-findfp.o)
                0x000000000800b67c                __sfp_lock_acquire
 .text.__sfp_lock_release
                0x000000000800b688        0xc D:/STM32CubeIDE_1.13.2/STM32CubeIDE/plugins/com.st.stm32cube.ide.mcu.externaltools.gnu-tools-for-stm32.11.3.rel1.win32_1.1.1.202309131626/tools/bin/../lib/gcc/arm-none-eabi/11.3.1/../../../../arm-none-eabi/lib/thumb/v7e-m+fp/hard\libc_nano.a(libc_a-findfp.o)
                0x000000000800b688                __sfp_lock_release
 .text.__sinit  0x000000000800b694       0x30 D:/STM32CubeIDE_1.13.2/STM32CubeIDE/plugins/com.st.stm32cube.ide.mcu.externaltools.gnu-tools-for-stm32.11.3.rel1.win32_1.1.1.202309131626/tools/bin/../lib/gcc/arm-none-eabi/11.3.1/../../../../arm-none-eabi/lib/thumb/v7e-m+fp/hard\libc_nano.a(libc_a-findfp.o)
                0x000000000800b694                __sinit
 .text._fwalk_sglue
                0x000000000800b6c4       0x3c D:/STM32CubeIDE_1.13.2/STM32CubeIDE/plugins/com.st.stm32cube.ide.mcu.externaltools.gnu-tools-for-stm32.11.3.rel1.win32_1.1.1.202309131626/tools/bin/../lib/gcc/arm-none-eabi/11.3.1/../../../../arm-none-eabi/lib/thumb/v7e-m+fp/hard\libc_nano.a(libc_a-fwalk.o)
                0x000000000800b6c4                _fwalk_sglue
 .text._puts_r  0x000000000800b700       0xa8 D:/STM32CubeIDE_1.13.2/STM32CubeIDE/plugins/com.st.stm32cube.ide.mcu.externaltools.gnu-tools-for-stm32.11.3.rel1.win32_1.1.1.202309131626/tools/bin/../lib/gcc/arm-none-eabi/11.3.1/../../../../arm-none-eabi/lib/thumb/v7e-m+fp/hard\libc_nano.a(libc_a-puts.o)
                0x000000000800b700                _puts_r
 .text.puts     0x000000000800b7a8       0x10 D:/STM32CubeIDE_1.13.2/STM32CubeIDE/plugins/com.st.stm32cube.ide.mcu.externaltools.gnu-tools-for-stm32.11.3.rel1.win32_1.1.1.202309131626/tools/bin/../lib/gcc/arm-none-eabi/11.3.1/../../../../arm-none-eabi/lib/thumb/v7e-m+fp/hard\libc_nano.a(libc_a-puts.o)
                0x000000000800b7a8                puts
 .text.__sread  0x000000000800b7b8       0x22 D:/STM32CubeIDE_1.13.2/STM32CubeIDE/plugins/com.st.stm32cube.ide.mcu.externaltools.gnu-tools-for-stm32.11.3.rel1.win32_1.1.1.202309131626/tools/bin/../lib/gcc/arm-none-eabi/11.3.1/../../../../arm-none-eabi/lib/thumb/v7e-m+fp/hard\libc_nano.a(libc_a-stdio.o)
                0x000000000800b7b8                __sread
 .text.__swrite
                0x000000000800b7da       0x38 D:/STM32CubeIDE_1.13.2/STM32CubeIDE/plugins/com.st.stm32cube.ide.mcu.externaltools.gnu-tools-for-stm32.11.3.rel1.win32_1.1.1.202309131626/tools/bin/../lib/gcc/arm-none-eabi/11.3.1/../../../../arm-none-eabi/lib/thumb/v7e-m+fp/hard\libc_nano.a(libc_a-stdio.o)
                0x000000000800b7da                __swrite
 .text.__sseek  0x000000000800b812       0x24 D:/STM32CubeIDE_1.13.2/STM32CubeIDE/plugins/com.st.stm32cube.ide.mcu.externaltools.gnu-tools-for-stm32.11.3.rel1.win32_1.1.1.202309131626/tools/bin/../lib/gcc/arm-none-eabi/11.3.1/../../../../arm-none-eabi/lib/thumb/v7e-m+fp/hard\libc_nano.a(libc_a-stdio.o)
                0x000000000800b812                __sseek
 .text.__sclose
                0x000000000800b836        0x8 D:/STM32CubeIDE_1.13.2/STM32CubeIDE/plugins/com.st.stm32cube.ide.mcu.externaltools.gnu-tools-for-stm32.11.3.rel1.win32_1.1.1.202309131626/tools/bin/../lib/gcc/arm-none-eabi/11.3.1/../../../../arm-none-eabi/lib/thumb/v7e-m+fp/hard\libc_nano.a(libc_a-stdio.o)
                0x000000000800b836                __sclose
 .text._vsnprintf_r
                0x000000000800b83e       0x56 D:/STM32CubeIDE_1.13.2/STM32CubeIDE/plugins/com.st.stm32cube.ide.mcu.externaltools.gnu-tools-for-stm32.11.3.rel1.win32_1.1.1.202309131626/tools/bin/../lib/gcc/arm-none-eabi/11.3.1/../../../../arm-none-eabi/lib/thumb/v7e-m+fp/hard\libc_nano.a(libc_a-vsnprintf.o)
                0x000000000800b83e                _vsniprintf_r
                0x000000000800b83e                _vsnprintf_r
 .text.vsnprintf
                0x000000000800b894       0x1c D:/STM32CubeIDE_1.13.2/STM32CubeIDE/plugins/com.st.stm32cube.ide.mcu.externaltools.gnu-tools-for-stm32.11.3.rel1.win32_1.1.1.202309131626/tools/bin/../lib/gcc/arm-none-eabi/11.3.1/../../../../arm-none-eabi/lib/thumb/v7e-m+fp/hard\libc_nano.a(libc_a-vsnprintf.o)
                0x000000000800b894                vsniprintf
                0x000000000800b894                vsnprintf
 .text.__swbuf_r
                0x000000000800b8b0       0x7a D:/STM32CubeIDE_1.13.2/STM32CubeIDE/plugins/com.st.stm32cube.ide.mcu.externaltools.gnu-tools-for-stm32.11.3.rel1.win32_1.1.1.202309131626/tools/bin/../lib/gcc/arm-none-eabi/11.3.1/../../../../arm-none-eabi/lib/thumb/v7e-m+fp/hard\libc_nano.a(libc_a-wbuf.o)
                0x000000000800b8b0                __swbuf_r
 *fill*         0x000000000800b92a        0x2 
 .text.__swsetup_r
                0x000000000800b92c       0xb0 D:/STM32CubeIDE_1.13.2/STM32CubeIDE/plugins/com.st.stm32cube.ide.mcu.externaltools.gnu-tools-for-stm32.11.3.rel1.win32_1.1.1.202309131626/tools/bin/../lib/gcc/arm-none-eabi/11.3.1/../../../../arm-none-eabi/lib/thumb/v7e-m+fp/hard\libc_nano.a(libc_a-wsetup.o)
                0x000000000800b92c                __swsetup_r
 .text.memset   0x000000000800b9dc       0x10 D:/STM32CubeIDE_1.13.2/STM32CubeIDE/plugins/com.st.stm32cube.ide.mcu.externaltools.gnu-tools-for-stm32.11.3.rel1.win32_1.1.1.202309131626/tools/bin/../lib/gcc/arm-none-eabi/11.3.1/../../../../arm-none-eabi/lib/thumb/v7e-m+fp/hard\libc_nano.a(libc_a-memset.o)
                0x000000000800b9dc                memset
 .text._close_r
                0x000000000800b9ec       0x20 D:/STM32CubeIDE_1.13.2/STM32CubeIDE/plugins/com.st.stm32cube.ide.mcu.externaltools.gnu-tools-for-stm32.11.3.rel1.win32_1.1.1.202309131626/tools/bin/../lib/gcc/arm-none-eabi/11.3.1/../../../../arm-none-eabi/lib/thumb/v7e-m+fp/hard\libc_nano.a(libc_a-closer.o)
                0x000000000800b9ec                _close_r
 .text._lseek_r
                0x000000000800ba0c       0x24 D:/STM32CubeIDE_1.13.2/STM32CubeIDE/plugins/com.st.stm32cube.ide.mcu.externaltools.gnu-tools-for-stm32.11.3.rel1.win32_1.1.1.202309131626/tools/bin/../lib/gcc/arm-none-eabi/11.3.1/../../../../arm-none-eabi/lib/thumb/v7e-m+fp/hard\libc_nano.a(libc_a-lseekr.o)
                0x000000000800ba0c                _lseek_r
 .text._read_r  0x000000000800ba30       0x24 D:/STM32CubeIDE_1.13.2/STM32CubeIDE/plugins/com.st.stm32cube.ide.mcu.externaltools.gnu-tools-for-stm32.11.3.rel1.win32_1.1.1.202309131626/tools/bin/../lib/gcc/arm-none-eabi/11.3.1/../../../../arm-none-eabi/lib/thumb/v7e-m+fp/hard\libc_nano.a(libc_a-readr.o)
                0x000000000800ba30                _read_r
 .text._write_r
                0x000000000800ba54       0x24 D:/STM32CubeIDE_1.13.2/STM32CubeIDE/plugins/com.st.stm32cube.ide.mcu.externaltools.gnu-tools-for-stm32.11.3.rel1.win32_1.1.1.202309131626/tools/bin/../lib/gcc/arm-none-eabi/11.3.1/../../../../arm-none-eabi/lib/thumb/v7e-m+fp/hard\libc_nano.a(libc_a-writer.o)
                0x000000000800ba54                _write_r
 .text.__errno  0x000000000800ba78        0xc D:/STM32CubeIDE_1.13.2/STM32CubeIDE/plugins/com.st.stm32cube.ide.mcu.externaltools.gnu-tools-for-stm32.11.3.rel1.win32_1.1.1.202309131626/tools/bin/../lib/gcc/arm-none-eabi/11.3.1/../../../../arm-none-eabi/lib/thumb/v7e-m+fp/hard\libc_nano.a(libc_a-errno.o)
                0x000000000800ba78                __errno
 .text.__libc_init_array
                0x000000000800ba84       0x48 D:/STM32CubeIDE_1.13.2/STM32CubeIDE/plugins/com.st.stm32cube.ide.mcu.externaltools.gnu-tools-for-stm32.11.3.rel1.win32_1.1.1.202309131626/tools/bin/../lib/gcc/arm-none-eabi/11.3.1/../../../../arm-none-eabi/lib/thumb/v7e-m+fp/hard\libc_nano.a(libc_a-init.o)
                0x000000000800ba84                __libc_init_array
 .text.__retarget_lock_init_recursive
                0x000000000800bacc        0x2 D:/STM32CubeIDE_1.13.2/STM32CubeIDE/plugins/com.st.stm32cube.ide.mcu.externaltools.gnu-tools-for-stm32.11.3.rel1.win32_1.1.1.202309131626/tools/bin/../lib/gcc/arm-none-eabi/11.3.1/../../../../arm-none-eabi/lib/thumb/v7e-m+fp/hard\libc_nano.a(libc_a-lock.o)
                0x000000000800bacc                __retarget_lock_init_recursive
 .text.__retarget_lock_acquire_recursive
                0x000000000800bace        0x2 D:/STM32CubeIDE_1.13.2/STM32CubeIDE/plugins/com.st.stm32cube.ide.mcu.externaltools.gnu-tools-for-stm32.11.3.rel1.win32_1.1.1.202309131626/tools/bin/../lib/gcc/arm-none-eabi/11.3.1/../../../../arm-none-eabi/lib/thumb/v7e-m+fp/hard\libc_nano.a(libc_a-lock.o)
                0x000000000800bace                __retarget_lock_acquire_recursive
 .text.__retarget_lock_release_recursive
                0x000000000800bad0        0x2 D:/STM32CubeIDE_1.13.2/STM32CubeIDE/plugins/com.st.stm32cube.ide.mcu.externaltools.gnu-tools-for-stm32.11.3.rel1.win32_1.1.1.202309131626/tools/bin/../lib/gcc/arm-none-eabi/11.3.1/../../../../arm-none-eabi/lib/thumb/v7e-m+fp/hard\libc_nano.a(libc_a-lock.o)
                0x000000000800bad0                __retarget_lock_release_recursive
 .text.memcpy   0x000000000800bad2       0x1c D:/STM32CubeIDE_1.13.2/STM32CubeIDE/plugins/com.st.stm32cube.ide.mcu.externaltools.gnu-tools-for-stm32.11.3.rel1.win32_1.1.1.202309131626/tools/bin/../lib/gcc/arm-none-eabi/11.3.1/../../../../arm-none-eabi/lib/thumb/v7e-m+fp/hard\libc_nano.a(libc_a-memcpy-stub.o)
                0x000000000800bad2                memcpy
 *fill*         0x000000000800baee        0x2 
 .text._free_r  0x000000000800baf0       0x98 D:/STM32CubeIDE_1.13.2/STM32CubeIDE/plugins/com.st.stm32cube.ide.mcu.externaltools.gnu-tools-for-stm32.11.3.rel1.win32_1.1.1.202309131626/tools/bin/../lib/gcc/arm-none-eabi/11.3.1/../../../../arm-none-eabi/lib/thumb/v7e-m+fp/hard\libc_nano.a(libc_a-freer.o)
                0x000000000800baf0                _free_r
 .text.sbrk_aligned
                0x000000000800bb88       0x40 D:/STM32CubeIDE_1.13.2/STM32CubeIDE/plugins/com.st.stm32cube.ide.mcu.externaltools.gnu-tools-for-stm32.11.3.rel1.win32_1.1.1.202309131626/tools/bin/../lib/gcc/arm-none-eabi/11.3.1/../../../../arm-none-eabi/lib/thumb/v7e-m+fp/hard\libc_nano.a(libc_a-mallocr.o)
 .text._malloc_r
                0x000000000800bbc8      0x100 D:/STM32CubeIDE_1.13.2/STM32CubeIDE/plugins/com.st.stm32cube.ide.mcu.externaltools.gnu-tools-for-stm32.11.3.rel1.win32_1.1.1.202309131626/tools/bin/../lib/gcc/arm-none-eabi/11.3.1/../../../../arm-none-eabi/lib/thumb/v7e-m+fp/hard\libc_nano.a(libc_a-mallocr.o)
                0x000000000800bbc8                _malloc_r
 .text.__malloc_lock
                0x000000000800bcc8        0xc D:/STM32CubeIDE_1.13.2/STM32CubeIDE/plugins/com.st.stm32cube.ide.mcu.externaltools.gnu-tools-for-stm32.11.3.rel1.win32_1.1.1.202309131626/tools/bin/../lib/gcc/arm-none-eabi/11.3.1/../../../../arm-none-eabi/lib/thumb/v7e-m+fp/hard\libc_nano.a(libc_a-mlock.o)
                0x000000000800bcc8                __malloc_lock
 .text.__malloc_unlock
                0x000000000800bcd4        0xc D:/STM32CubeIDE_1.13.2/STM32CubeIDE/plugins/com.st.stm32cube.ide.mcu.externaltools.gnu-tools-for-stm32.11.3.rel1.win32_1.1.1.202309131626/tools/bin/../lib/gcc/arm-none-eabi/11.3.1/../../../../arm-none-eabi/lib/thumb/v7e-m+fp/hard\libc_nano.a(libc_a-mlock.o)
                0x000000000800bcd4                __malloc_unlock
 .text.__ssputs_r
                0x000000000800bce0       0xb4 D:/STM32CubeIDE_1.13.2/STM32CubeIDE/plugins/com.st.stm32cube.ide.mcu.externaltools.gnu-tools-for-stm32.11.3.rel1.win32_1.1.1.202309131626/tools/bin/../lib/gcc/arm-none-eabi/11.3.1/../../../../arm-none-eabi/lib/thumb/v7e-m+fp/hard\libc_nano.a(libc_a-nano-svfprintf.o)
                0x000000000800bce0                __ssputs_r
 .text._svfprintf_r
                0x000000000800bd94      0x1fc D:/STM32CubeIDE_1.13.2/STM32CubeIDE/plugins/com.st.stm32cube.ide.mcu.externaltools.gnu-tools-for-stm32.11.3.rel1.win32_1.1.1.202309131626/tools/bin/../lib/gcc/arm-none-eabi/11.3.1/../../../../arm-none-eabi/lib/thumb/v7e-m+fp/hard\libc_nano.a(libc_a-nano-svfprintf.o)
                0x000000000800bd94                _svfiprintf_r
                0x000000000800bd94                _svfprintf_r
 .text._printf_common
                0x000000000800bf90       0xda D:/STM32CubeIDE_1.13.2/STM32CubeIDE/plugins/com.st.stm32cube.ide.mcu.externaltools.gnu-tools-for-stm32.11.3.rel1.win32_1.1.1.202309131626/tools/bin/../lib/gcc/arm-none-eabi/11.3.1/../../../../arm-none-eabi/lib/thumb/v7e-m+fp/hard\libc_nano.a(libc_a-nano-vfprintf_i.o)
                0x000000000800bf90                _printf_common
 *fill*         0x000000000800c06a        0x2 
 .text._printf_i
                0x000000000800c06c      0x244 D:/STM32CubeIDE_1.13.2/STM32CubeIDE/plugins/com.st.stm32cube.ide.mcu.externaltools.gnu-tools-for-stm32.11.3.rel1.win32_1.1.1.202309131626/tools/bin/../lib/gcc/arm-none-eabi/11.3.1/../../../../arm-none-eabi/lib/thumb/v7e-m+fp/hard\libc_nano.a(libc_a-nano-vfprintf_i.o)
                0x000000000800c06c                _printf_i
 .text.__sflush_r
                0x000000000800c2b0      0x10c D:/STM32CubeIDE_1.13.2/STM32CubeIDE/plugins/com.st.stm32cube.ide.mcu.externaltools.gnu-tools-for-stm32.11.3.rel1.win32_1.1.1.202309131626/tools/bin/../lib/gcc/arm-none-eabi/11.3.1/../../../../arm-none-eabi/lib/thumb/v7e-m+fp/hard\libc_nano.a(libc_a-fflush.o)
                0x000000000800c2b0                __sflush_r
 .text._fflush_r
                0x000000000800c3bc       0x50 D:/STM32CubeIDE_1.13.2/STM32CubeIDE/plugins/com.st.stm32cube.ide.mcu.externaltools.gnu-tools-for-stm32.11.3.rel1.win32_1.1.1.202309131626/tools/bin/../lib/gcc/arm-none-eabi/11.3.1/../../../../arm-none-eabi/lib/thumb/v7e-m+fp/hard\libc_nano.a(libc_a-fflush.o)
                0x000000000800c3bc                _fflush_r
 .text.__swhatbuf_r
                0x000000000800c40c       0x4c D:/STM32CubeIDE_1.13.2/STM32CubeIDE/plugins/com.st.stm32cube.ide.mcu.externaltools.gnu-tools-for-stm32.11.3.rel1.win32_1.1.1.202309131626/tools/bin/../lib/gcc/arm-none-eabi/11.3.1/../../../../arm-none-eabi/lib/thumb/v7e-m+fp/hard\libc_nano.a(libc_a-makebuf.o)
                0x000000000800c40c                __swhatbuf_r
 .text.__smakebuf_r
                0x000000000800c458       0x78 D:/STM32CubeIDE_1.13.2/STM32CubeIDE/plugins/com.st.stm32cube.ide.mcu.externaltools.gnu-tools-for-stm32.11.3.rel1.win32_1.1.1.202309131626/tools/bin/../lib/gcc/arm-none-eabi/11.3.1/../../../../arm-none-eabi/lib/thumb/v7e-m+fp/hard\libc_nano.a(libc_a-makebuf.o)
                0x000000000800c458                __smakebuf_r
 .text.memmove  0x000000000800c4d0       0x34 D:/STM32CubeIDE_1.13.2/STM32CubeIDE/plugins/com.st.stm32cube.ide.mcu.externaltools.gnu-tools-for-stm32.11.3.rel1.win32_1.1.1.202309131626/tools/bin/../lib/gcc/arm-none-eabi/11.3.1/../../../../arm-none-eabi/lib/thumb/v7e-m+fp/hard\libc_nano.a(libc_a-memmove.o)
                0x000000000800c4d0                memmove
 .text._fstat_r
                0x000000000800c504       0x24 D:/STM32CubeIDE_1.13.2/STM32CubeIDE/plugins/com.st.stm32cube.ide.mcu.externaltools.gnu-tools-for-stm32.11.3.rel1.win32_1.1.1.202309131626/tools/bin/../lib/gcc/arm-none-eabi/11.3.1/../../../../arm-none-eabi/lib/thumb/v7e-m+fp/hard\libc_nano.a(libc_a-fstatr.o)
                0x000000000800c504                _fstat_r
 .text._isatty_r
                0x000000000800c528       0x20 D:/STM32CubeIDE_1.13.2/STM32CubeIDE/plugins/com.st.stm32cube.ide.mcu.externaltools.gnu-tools-for-stm32.11.3.rel1.win32_1.1.1.202309131626/tools/bin/../lib/gcc/arm-none-eabi/11.3.1/../../../../arm-none-eabi/lib/thumb/v7e-m+fp/hard\libc_nano.a(libc_a-isattyr.o)
                0x000000000800c528                _isatty_r
 .text._sbrk_r  0x000000000800c548       0x20 D:/STM32CubeIDE_1.13.2/STM32CubeIDE/plugins/com.st.stm32cube.ide.mcu.externaltools.gnu-tools-for-stm32.11.3.rel1.win32_1.1.1.202309131626/tools/bin/../lib/gcc/arm-none-eabi/11.3.1/../../../../arm-none-eabi/lib/thumb/v7e-m+fp/hard\libc_nano.a(libc_a-sbrkr.o)
                0x000000000800c548                _sbrk_r
 .text._realloc_r
                0x000000000800c568       0x5e D:/STM32CubeIDE_1.13.2/STM32CubeIDE/plugins/com.st.stm32cube.ide.mcu.externaltools.gnu-tools-for-stm32.11.3.rel1.win32_1.1.1.202309131626/tools/bin/../lib/gcc/arm-none-eabi/11.3.1/../../../../arm-none-eabi/lib/thumb/v7e-m+fp/hard\libc_nano.a(libc_a-reallocr.o)
                0x000000000800c568                _realloc_r
 .text._malloc_usable_size_r
                0x000000000800c5c6       0x10 D:/STM32CubeIDE_1.13.2/STM32CubeIDE/plugins/com.st.stm32cube.ide.mcu.externaltools.gnu-tools-for-stm32.11.3.rel1.win32_1.1.1.202309131626/tools/bin/../lib/gcc/arm-none-eabi/11.3.1/../../../../arm-none-eabi/lib/thumb/v7e-m+fp/hard\libc_nano.a(libc_a-msizer.o)
                0x000000000800c5c6                _malloc_usable_size_r
 *(.glue_7)
 .glue_7        0x000000000800c5d6        0x0 linker stubs
 *(.glue_7t)
 .glue_7t       0x000000000800c5d6        0x0 linker stubs
 *(.eh_frame)
 *fill*         0x000000000800c5d6        0x2 
 .eh_frame      0x000000000800c5d8        0x0 D:/STM32CubeIDE_1.13.2/STM32CubeIDE/plugins/com.st.stm32cube.ide.mcu.externaltools.gnu-tools-for-stm32.11.3.rel1.win32_1.1.1.202309131626/tools/bin/../lib/gcc/arm-none-eabi/11.3.1/thumb/v7e-m+fp/hard/crtbegin.o
 *(.init)
 .init          0x000000000800c5d8        0x4 D:/STM32CubeIDE_1.13.2/STM32CubeIDE/plugins/com.st.stm32cube.ide.mcu.externaltools.gnu-tools-for-stm32.11.3.rel1.win32_1.1.1.202309131626/tools/bin/../lib/gcc/arm-none-eabi/11.3.1/thumb/v7e-m+fp/hard/crti.o
                0x000000000800c5d8                _init
 .init          0x000000000800c5dc        0x8 D:/STM32CubeIDE_1.13.2/STM32CubeIDE/plugins/com.st.stm32cube.ide.mcu.externaltools.gnu-tools-for-stm32.11.3.rel1.win32_1.1.1.202309131626/tools/bin/../lib/gcc/arm-none-eabi/11.3.1/thumb/v7e-m+fp/hard/crtn.o
 *(.fini)
 .fini          0x000000000800c5e4        0x4 D:/STM32CubeIDE_1.13.2/STM32CubeIDE/plugins/com.st.stm32cube.ide.mcu.externaltools.gnu-tools-for-stm32.11.3.rel1.win32_1.1.1.202309131626/tools/bin/../lib/gcc/arm-none-eabi/11.3.1/thumb/v7e-m+fp/hard/crti.o
                0x000000000800c5e4                _fini
 .fini          0x000000000800c5e8        0x8 D:/STM32CubeIDE_1.13.2/STM32CubeIDE/plugins/com.st.stm32cube.ide.mcu.externaltools.gnu-tools-for-stm32.11.3.rel1.win32_1.1.1.202309131626/tools/bin/../lib/gcc/arm-none-eabi/11.3.1/thumb/v7e-m+fp/hard/crtn.o
                0x000000000800c5f0                . = ALIGN (0x4)
                0x000000000800c5f0                _etext = .

.vfp11_veneer   0x000000000800c5f0        0x0
 .vfp11_veneer  0x000000000800c5f0        0x0 linker stubs

.v4_bx          0x000000000800c5f0        0x0
 .v4_bx         0x000000000800c5f0        0x0 linker stubs

.iplt           0x000000000800c5f0        0x0
 .iplt          0x000000000800c5f0        0x0 D:/STM32CubeIDE_1.13.2/STM32CubeIDE/plugins/com.st.stm32cube.ide.mcu.externaltools.gnu-tools-for-stm32.11.3.rel1.win32_1.1.1.202309131626/tools/bin/../lib/gcc/arm-none-eabi/11.3.1/thumb/v7e-m+fp/hard/crtbegin.o

.rodata         0x000000000800c5f0     0x1800
                0x000000000800c5f0                . = ALIGN (0x4)
 *(.rodata)
 .rodata        0x000000000800c5f0      0x16b ./Core/Src/main.o
 *fill*         0x000000000800c75b        0x1 
 .rodata        0x000000000800c75c      0x1cb ./lmic/lmic.o
 *fill*         0x000000000800c927        0x1 
 .rodata        0x000000000800c928       0x8e ./lmic/oslmic.o
 *fill*         0x000000000800c9b6        0x2 
 .rodata        0x000000000800c9b8       0xd9 ./lmic/radio.o
 *fill*         0x000000000800ca91        0x3 
 .rodata        0x000000000800ca94      0x11f ./stm32/debug.o
 *(.rodata*)
 *fill*         0x000000000800cbb3        0x1 
 .rodata.APPEUI
                0x000000000800cbb4        0x8 ./Core/Src/main.o
 .rodata.DEVEUI
                0x000000000800cbbc        0x8 ./Core/Src/main.o
 .rodata.DEVKEY
                0x000000000800cbc4       0x10 ./Core/Src/main.o
 .rodata.NWKSKEY
                0x000000000800cbd4       0x10 ./Core/Src/main.o
 .rodata.APPSKEY
                0x000000000800cbe4       0x10 ./Core/Src/main.o
 .rodata.__func__.0
                0x000000000800cbf4        0x8 ./Core/Src/main.o
 .rodata.AHBPrescTable
                0x000000000800cbfc       0x10 ./Core/Src/system_stm32f3xx.o
                0x000000000800cbfc                AHBPrescTable
 .rodata.APBPrescTable
                0x000000000800cc0c        0x8 ./Core/Src/system_stm32f3xx.o
                0x000000000800cc0c                APBPrescTable
 .rodata.aPLLMULFactorTable
                0x000000000800cc14       0x10 ./Drivers/STM32F3xx_HAL_Driver/Src/stm32f3xx_hal_rcc.o
 .rodata.aPredivFactorTable
                0x000000000800cc24       0x10 ./Drivers/STM32F3xx_HAL_Driver/Src/stm32f3xx_hal_rcc.o
 .rodata.constant_table_AES_RCON
                0x000000000800cc34       0x28 ./aes/lmic.o
 .rodata.constant_table_AES_S
                0x000000000800cc5c      0x100 ./aes/lmic.o
 .rodata.constant_table_AES_E1
                0x000000000800cd5c      0x400 ./aes/lmic.o
 .rodata.constant_table_AES_E2
                0x000000000800d15c      0x400 ./aes/lmic.o
 .rodata.constant_table_AES_E3
                0x000000000800d55c      0x400 ./aes/lmic.o
 .rodata.constant_table_AES_E4
                0x000000000800d95c      0x400 ./aes/lmic.o
 .rodata.constant_table__DR2RPS_CRC
                0x000000000800dd5c       0x10 ./lmic/lmic.o
                0x000000000800dd5c                constant_table__DR2RPS_CRC
 .rodata.constant_table_SENSITIVITY
                0x000000000800dd6c       0x15 ./lmic/lmic.o
 *fill*         0x000000000800dd81        0x3 
 .rodata.constant_table_DRADJUST
                0x000000000800dd84        0xa ./lmic/lmic.o
 *fill*         0x000000000800dd8e        0x2 
 .rodata.constant_table_DR2HSYM_osticks
                0x000000000800dd90       0x18 ./lmic/lmic.o
 .rodata.constant_table_rxlorairqmask
                0x000000000800dda8        0x3 ./lmic/radio.o
 *fill*         0x000000000800ddab        0x1 
 .rodata.constant_table_LORA_RXDONE_FIXUP
                0x000000000800ddac        0xe ./lmic/radio.o
 .rodata._svfprintf_r.str1.1
                0x000000000800ddba       0x11 D:/STM32CubeIDE_1.13.2/STM32CubeIDE/plugins/com.st.stm32cube.ide.mcu.externaltools.gnu-tools-for-stm32.11.3.rel1.win32_1.1.1.202309131626/tools/bin/../lib/gcc/arm-none-eabi/11.3.1/../../../../arm-none-eabi/lib/thumb/v7e-m+fp/hard\libc_nano.a(libc_a-nano-svfprintf.o)
 .rodata._printf_i.str1.1
                0x000000000800ddcb       0x22 D:/STM32CubeIDE_1.13.2/STM32CubeIDE/plugins/com.st.stm32cube.ide.mcu.externaltools.gnu-tools-for-stm32.11.3.rel1.win32_1.1.1.202309131626/tools/bin/../lib/gcc/arm-none-eabi/11.3.1/../../../../arm-none-eabi/lib/thumb/v7e-m+fp/hard\libc_nano.a(libc_a-nano-vfprintf_i.o)
                0x000000000800ddf0                . = ALIGN (0x4)
 *fill*         0x000000000800dded        0x3 

.ARM.extab      0x000000000800ddf0        0x0
                0x000000000800ddf0                . = ALIGN (0x4)
 *(.ARM.extab* .gnu.linkonce.armextab.*)
                0x000000000800ddf0                . = ALIGN (0x4)

.ARM            0x000000000800ddf0        0x8
                0x000000000800ddf0                . = ALIGN (0x4)
                0x000000000800ddf0                __exidx_start = .
 *(.ARM.exidx*)
 .ARM.exidx     0x000000000800ddf0        0x8 D:/STM32CubeIDE_1.13.2/STM32CubeIDE/plugins/com.st.stm32cube.ide.mcu.externaltools.gnu-tools-for-stm32.11.3.rel1.win32_1.1.1.202309131626/tools/bin/../lib/gcc/arm-none-eabi/11.3.1/thumb/v7e-m+fp/hard\libgcc.a(_udivmoddi4.o)
                0x000000000800ddf8                __exidx_end = .
                0x000000000800ddf8                . = ALIGN (0x4)

.rel.dyn        0x000000000800ddf8        0x0
 .rel.iplt      0x000000000800ddf8        0x0 D:/STM32CubeIDE_1.13.2/STM32CubeIDE/plugins/com.st.stm32cube.ide.mcu.externaltools.gnu-tools-for-stm32.11.3.rel1.win32_1.1.1.202309131626/tools/bin/../lib/gcc/arm-none-eabi/11.3.1/thumb/v7e-m+fp/hard/crtbegin.o

.preinit_array  0x000000000800ddf8        0x0
                0x000000000800ddf8                . = ALIGN (0x4)
                0x000000000800ddf8                PROVIDE (__preinit_array_start = .)
 *(.preinit_array*)
                0x000000000800ddf8                PROVIDE (__preinit_array_end = .)
                0x000000000800ddf8                . = ALIGN (0x4)

.init_array     0x000000000800ddf8        0x4
                0x000000000800ddf8                . = ALIGN (0x4)
                0x000000000800ddf8                PROVIDE (__init_array_start = .)
 *(SORT_BY_NAME(.init_array.*))
 *(.init_array*)
 .init_array    0x000000000800ddf8        0x4 D:/STM32CubeIDE_1.13.2/STM32CubeIDE/plugins/com.st.stm32cube.ide.mcu.externaltools.gnu-tools-for-stm32.11.3.rel1.win32_1.1.1.202309131626/tools/bin/../lib/gcc/arm-none-eabi/11.3.1/thumb/v7e-m+fp/hard/crtbegin.o
                0x000000000800ddfc                PROVIDE (__init_array_end = .)
                0x000000000800ddfc                . = ALIGN (0x4)

.fini_array     0x000000000800ddfc        0x4
                0x000000000800ddfc                . = ALIGN (0x4)
                [!provide]                        PROVIDE (__fini_array_start = .)
 *(SORT_BY_NAME(.fini_array.*))
 *(.fini_array*)
 .fini_array    0x000000000800ddfc        0x4 D:/STM32CubeIDE_1.13.2/STM32CubeIDE/plugins/com.st.stm32cube.ide.mcu.externaltools.gnu-tools-for-stm32.11.3.rel1.win32_1.1.1.202309131626/tools/bin/../lib/gcc/arm-none-eabi/11.3.1/thumb/v7e-m+fp/hard/crtbegin.o
                [!provide]                        PROVIDE (__fini_array_end = .)
                0x000000000800de00                . = ALIGN (0x4)
                0x000000000800de00                _sidata = LOADADDR (.data)

.data           0x0000000020000000       0xc4 load address 0x000000000800de00
                0x0000000020000000                . = ALIGN (0x4)
                0x0000000020000000                _sdata = .
 *(.data)
 *(.data*)
 .data.mydata   0x0000000020000000       0x13 ./Core/Src/main.o
                0x0000000020000000                mydata
 *fill*         0x0000000020000013        0x1 
 .data.SystemCoreClock
                0x0000000020000014        0x4 ./Core/Src/system_stm32f3xx.o
                0x0000000020000014                SystemCoreClock
 .data.uwTickPrio
                0x0000000020000018        0x4 ./Drivers/STM32F3xx_HAL_Driver/Src/stm32f3xx_hal.o
                0x0000000020000018                uwTickPrio
 .data.uwTickFreq
                0x000000002000001c        0x1 ./Drivers/STM32F3xx_HAL_Driver/Src/stm32f3xx_hal.o
                0x000000002000001c                uwTickFreq
 *fill*         0x000000002000001d        0x3 
 .data.evnames.0
                0x0000000020000020       0x48 ./stm32/debug.o
 .data.__sglue  0x0000000020000068        0xc D:/STM32CubeIDE_1.13.2/STM32CubeIDE/plugins/com.st.stm32cube.ide.mcu.externaltools.gnu-tools-for-stm32.11.3.rel1.win32_1.1.1.202309131626/tools/bin/../lib/gcc/arm-none-eabi/11.3.1/../../../../arm-none-eabi/lib/thumb/v7e-m+fp/hard\libc_nano.a(libc_a-findfp.o)
                0x0000000020000068                __sglue
 .data._impure_data
                0x0000000020000074       0x4c D:/STM32CubeIDE_1.13.2/STM32CubeIDE/plugins/com.st.stm32cube.ide.mcu.externaltools.gnu-tools-for-stm32.11.3.rel1.win32_1.1.1.202309131626/tools/bin/../lib/gcc/arm-none-eabi/11.3.1/../../../../arm-none-eabi/lib/thumb/v7e-m+fp/hard\libc_nano.a(libc_a-impure.o)
                0x0000000020000074                _impure_data
 .data._impure_ptr
                0x00000000200000c0        0x4 D:/STM32CubeIDE_1.13.2/STM32CubeIDE/plugins/com.st.stm32cube.ide.mcu.externaltools.gnu-tools-for-stm32.11.3.rel1.win32_1.1.1.202309131626/tools/bin/../lib/gcc/arm-none-eabi/11.3.1/../../../../arm-none-eabi/lib/thumb/v7e-m+fp/hard\libc_nano.a(libc_a-impure.o)
                0x00000000200000c0                _impure_ptr
 *(.RamFunc)
 *(.RamFunc*)
                0x00000000200000c4                . = ALIGN (0x4)
                0x00000000200000c4                _edata = .
                0x000000000800dec4                _siccmram = LOADADDR (.ccmram)

.igot.plt       0x00000000200000c4        0x0 load address 0x000000000800dec4
 .igot.plt      0x00000000200000c4        0x0 D:/STM32CubeIDE_1.13.2/STM32CubeIDE/plugins/com.st.stm32cube.ide.mcu.externaltools.gnu-tools-for-stm32.11.3.rel1.win32_1.1.1.202309131626/tools/bin/../lib/gcc/arm-none-eabi/11.3.1/thumb/v7e-m+fp/hard/crtbegin.o

.ccmram         0x0000000010000000        0x0 load address 0x000000000800dec4
                0x0000000010000000                . = ALIGN (0x4)
                0x0000000010000000                _sccmram = .
 *(.ccmram)
 *(.ccmram*)
                0x0000000010000000                . = ALIGN (0x4)
                0x0000000010000000                _eccmram = .
                0x0000000010000000                . = ALIGN (0x4)

.bss            0x00000000200000c4      0x52c
                0x00000000200000c4                _sbss = .
                0x00000000200000c4                __bss_start__ = _sbss
 *(.bss)
 .bss           0x00000000200000c4       0x1c D:/STM32CubeIDE_1.13.2/STM32CubeIDE/plugins/com.st.stm32cube.ide.mcu.externaltools.gnu-tools-for-stm32.11.3.rel1.win32_1.1.1.202309131626/tools/bin/../lib/gcc/arm-none-eabi/11.3.1/thumb/v7e-m+fp/hard/crtbegin.o
 *(.bss*)
 .bss.a         0x00000000200000e0        0x4 ./Core/Src/main.o
                0x00000000200000e0                a
 .bss.hspi2     0x00000000200000e4       0x64 ./Core/Src/main.o
                0x00000000200000e4                hspi2
 .bss.htim4     0x0000000020000148       0x4c ./Core/Src/main.o
                0x0000000020000148                htim4
 .bss.htim7     0x0000000020000194       0x4c ./Core/Src/main.o
                0x0000000020000194                htim7
 .bss.huart1    0x00000000200001e0       0x88 ./Core/Src/main.o
                0x00000000200001e0                huart1
 .bss.sendjob   0x0000000020000268        0xc ./Core/Src/main.o
 .bss.__sbrk_heap_end
                0x0000000020000274        0x4 ./Core/Src/sysmem.o
 .bss.uwTick    0x0000000020000278        0x4 ./Drivers/STM32F3xx_HAL_Driver/Src/stm32f3xx_hal.o
                0x0000000020000278                uwTick
 .bss.AESAUX    0x000000002000027c       0x10 ./aes/lmic.o
                0x000000002000027c                AESAUX
 .bss.AESKEY    0x000000002000028c       0xb0 ./aes/lmic.o
                0x000000002000028c                AESKEY
 .bss.LMIC      0x000000002000033c      0x148 ./lmic/lmic.o
                0x000000002000033c                LMIC
 .bss.OS        0x0000000020000484        0x8 ./lmic/oslmic.o
 .bss.randbuf   0x000000002000048c       0x10 ./lmic/radio.o
 .bss.HAL       0x000000002000049c        0x8 ./stm32/hal.o
 .bss.__sf      0x00000000200004a4      0x138 D:/STM32CubeIDE_1.13.2/STM32CubeIDE/plugins/com.st.stm32cube.ide.mcu.externaltools.gnu-tools-for-stm32.11.3.rel1.win32_1.1.1.202309131626/tools/bin/../lib/gcc/arm-none-eabi/11.3.1/../../../../arm-none-eabi/lib/thumb/v7e-m+fp/hard\libc_nano.a(libc_a-findfp.o)
                0x00000000200004a4                __sf
 .bss.__stdio_exit_handler
                0x00000000200005dc        0x4 D:/STM32CubeIDE_1.13.2/STM32CubeIDE/plugins/com.st.stm32cube.ide.mcu.externaltools.gnu-tools-for-stm32.11.3.rel1.win32_1.1.1.202309131626/tools/bin/../lib/gcc/arm-none-eabi/11.3.1/../../../../arm-none-eabi/lib/thumb/v7e-m+fp/hard\libc_nano.a(libc_a-findfp.o)
                0x00000000200005dc                __stdio_exit_handler
 .bss.errno     0x00000000200005e0        0x4 D:/STM32CubeIDE_1.13.2/STM32CubeIDE/plugins/com.st.stm32cube.ide.mcu.externaltools.gnu-tools-for-stm32.11.3.rel1.win32_1.1.1.202309131626/tools/bin/../lib/gcc/arm-none-eabi/11.3.1/../../../../arm-none-eabi/lib/thumb/v7e-m+fp/hard\libc_nano.a(libc_a-reent.o)
                0x00000000200005e0                errno
 .bss.__lock___malloc_recursive_mutex
                0x00000000200005e4        0x1 D:/STM32CubeIDE_1.13.2/STM32CubeIDE/plugins/com.st.stm32cube.ide.mcu.externaltools.gnu-tools-for-stm32.11.3.rel1.win32_1.1.1.202309131626/tools/bin/../lib/gcc/arm-none-eabi/11.3.1/../../../../arm-none-eabi/lib/thumb/v7e-m+fp/hard\libc_nano.a(libc_a-lock.o)
                0x00000000200005e4                __lock___malloc_recursive_mutex
 .bss.__lock___sfp_recursive_mutex
                0x00000000200005e5        0x1 D:/STM32CubeIDE_1.13.2/STM32CubeIDE/plugins/com.st.stm32cube.ide.mcu.externaltools.gnu-tools-for-stm32.11.3.rel1.win32_1.1.1.202309131626/tools/bin/../lib/gcc/arm-none-eabi/11.3.1/../../../../arm-none-eabi/lib/thumb/v7e-m+fp/hard\libc_nano.a(libc_a-lock.o)
                0x00000000200005e5                __lock___sfp_recursive_mutex
 *fill*         0x00000000200005e6        0x2 
 .bss.__malloc_free_list
                0x00000000200005e8        0x4 D:/STM32CubeIDE_1.13.2/STM32CubeIDE/plugins/com.st.stm32cube.ide.mcu.externaltools.gnu-tools-for-stm32.11.3.rel1.win32_1.1.1.202309131626/tools/bin/../lib/gcc/arm-none-eabi/11.3.1/../../../../arm-none-eabi/lib/thumb/v7e-m+fp/hard\libc_nano.a(libc_a-mallocr.o)
                0x00000000200005e8                __malloc_free_list
 .bss.__malloc_sbrk_start
                0x00000000200005ec        0x4 D:/STM32CubeIDE_1.13.2/STM32CubeIDE/plugins/com.st.stm32cube.ide.mcu.externaltools.gnu-tools-for-stm32.11.3.rel1.win32_1.1.1.202309131626/tools/bin/../lib/gcc/arm-none-eabi/11.3.1/../../../../arm-none-eabi/lib/thumb/v7e-m+fp/hard\libc_nano.a(libc_a-mallocr.o)
                0x00000000200005ec                __malloc_sbrk_start
 *(COMMON)
                0x00000000200005f0                . = ALIGN (0x4)
                0x00000000200005f0                _ebss = .
                0x00000000200005f0                __bss_end__ = _ebss

._user_heap_stack
                0x00000000200005f0      0x600
                0x00000000200005f0                . = ALIGN (0x8)
                [!provide]                        PROVIDE (end = .)
                0x00000000200005f0                PROVIDE (_end = .)
                0x00000000200007f0                . = (. + _Min_Heap_Size)
 *fill*         0x00000000200005f0      0x200 
                0x0000000020000bf0                . = (. + _Min_Stack_Size)
 *fill*         0x00000000200007f0      0x400 
                0x0000000020000bf0                . = ALIGN (0x8)

/DISCARD/
 libc.a(*)
 libm.a(*)
 libgcc.a(*)

.ARM.attributes
                0x0000000000000000       0x30
 *(.ARM.attributes)
 .ARM.attributes
                0x0000000000000000       0x1e D:/STM32CubeIDE_1.13.2/STM32CubeIDE/plugins/com.st.stm32cube.ide.mcu.externaltools.gnu-tools-for-stm32.11.3.rel1.win32_1.1.1.202309131626/tools/bin/../lib/gcc/arm-none-eabi/11.3.1/thumb/v7e-m+fp/hard/crti.o
 .ARM.attributes
                0x000000000000001e       0x34 D:/STM32CubeIDE_1.13.2/STM32CubeIDE/plugins/com.st.stm32cube.ide.mcu.externaltools.gnu-tools-for-stm32.11.3.rel1.win32_1.1.1.202309131626/tools/bin/../lib/gcc/arm-none-eabi/11.3.1/thumb/v7e-m+fp/hard/crtbegin.o
 .ARM.attributes
                0x0000000000000052       0x34 ./Core/Src/main.o
 .ARM.attributes
                0x0000000000000086       0x34 ./Core/Src/stm32f3xx_hal_msp.o
 .ARM.attributes
                0x00000000000000ba       0x34 ./Core/Src/stm32f3xx_it.o
 .ARM.attributes
                0x00000000000000ee       0x34 ./Core/Src/syscalls.o
 .ARM.attributes
                0x0000000000000122       0x34 ./Core/Src/sysmem.o
 .ARM.attributes
                0x0000000000000156       0x34 ./Core/Src/system_stm32f3xx.o
 .ARM.attributes
                0x000000000000018a       0x21 ./Core/Startup/startup_stm32f303retx.o
 .ARM.attributes
                0x00000000000001ab       0x34 ./Drivers/STM32F3xx_HAL_Driver/Src/stm32f3xx_hal.o
 .ARM.attributes
                0x00000000000001df       0x34 ./Drivers/STM32F3xx_HAL_Driver/Src/stm32f3xx_hal_cortex.o
 .ARM.attributes
                0x0000000000000213       0x34 ./Drivers/STM32F3xx_HAL_Driver/Src/stm32f3xx_hal_dma.o
 .ARM.attributes
                0x0000000000000247       0x34 ./Drivers/STM32F3xx_HAL_Driver/Src/stm32f3xx_hal_gpio.o
 .ARM.attributes
                0x000000000000027b       0x34 ./Drivers/STM32F3xx_HAL_Driver/Src/stm32f3xx_hal_pwr.o
 .ARM.attributes
                0x00000000000002af       0x34 ./Drivers/STM32F3xx_HAL_Driver/Src/stm32f3xx_hal_rcc.o
 .ARM.attributes
                0x00000000000002e3       0x34 ./Drivers/STM32F3xx_HAL_Driver/Src/stm32f3xx_hal_rcc_ex.o
 .ARM.attributes
                0x0000000000000317       0x34 ./Drivers/STM32F3xx_HAL_Driver/Src/stm32f3xx_hal_spi.o
 .ARM.attributes
                0x000000000000034b       0x34 ./Drivers/STM32F3xx_HAL_Driver/Src/stm32f3xx_hal_tim.o
 .ARM.attributes
                0x000000000000037f       0x34 ./Drivers/STM32F3xx_HAL_Driver/Src/stm32f3xx_hal_tim_ex.o
 .ARM.attributes
                0x00000000000003b3       0x34 ./Drivers/STM32F3xx_HAL_Driver/Src/stm32f3xx_hal_uart.o
 .ARM.attributes
                0x00000000000003e7       0x34 ./Drivers/STM32F3xx_HAL_Driver/Src/stm32f3xx_hal_uart_ex.o
 .ARM.attributes
                0x000000000000041b       0x34 ./aes/lmic.o
 .ARM.attributes
                0x000000000000044f       0x34 ./lmic/lmic.o
 .ARM.attributes
                0x0000000000000483       0x34 ./lmic/oslmic.o
 .ARM.attributes
                0x00000000000004b7       0x34 ./lmic/radio.o
 .ARM.attributes
                0x00000000000004eb       0x34 ./stm32/debug.o
 .ARM.attributes
                0x000000000000051f       0x34 ./stm32/hal.o
 .ARM.attributes
                0x0000000000000553       0x34 D:/STM32CubeIDE_1.13.2/STM32CubeIDE/plugins/com.st.stm32cube.ide.mcu.externaltools.gnu-tools-for-stm32.11.3.rel1.win32_1.1.1.202309131626/tools/bin/../lib/gcc/arm-none-eabi/11.3.1/../../../../arm-none-eabi/lib/thumb/v7e-m+fp/hard\libc_nano.a(libc_a-findfp.o)
 .ARM.attributes
                0x0000000000000587       0x34 D:/STM32CubeIDE_1.13.2/STM32CubeIDE/plugins/com.st.stm32cube.ide.mcu.externaltools.gnu-tools-for-stm32.11.3.rel1.win32_1.1.1.202309131626/tools/bin/../lib/gcc/arm-none-eabi/11.3.1/../../../../arm-none-eabi/lib/thumb/v7e-m+fp/hard\libc_nano.a(libc_a-fwalk.o)
 .ARM.attributes
                0x00000000000005bb       0x34 D:/STM32CubeIDE_1.13.2/STM32CubeIDE/plugins/com.st.stm32cube.ide.mcu.externaltools.gnu-tools-for-stm32.11.3.rel1.win32_1.1.1.202309131626/tools/bin/../lib/gcc/arm-none-eabi/11.3.1/../../../../arm-none-eabi/lib/thumb/v7e-m+fp/hard\libc_nano.a(libc_a-puts.o)
 .ARM.attributes
                0x00000000000005ef       0x34 D:/STM32CubeIDE_1.13.2/STM32CubeIDE/plugins/com.st.stm32cube.ide.mcu.externaltools.gnu-tools-for-stm32.11.3.rel1.win32_1.1.1.202309131626/tools/bin/../lib/gcc/arm-none-eabi/11.3.1/../../../../arm-none-eabi/lib/thumb/v7e-m+fp/hard\libc_nano.a(libc_a-stdio.o)
 .ARM.attributes
                0x0000000000000623       0x34 D:/STM32CubeIDE_1.13.2/STM32CubeIDE/plugins/com.st.stm32cube.ide.mcu.externaltools.gnu-tools-for-stm32.11.3.rel1.win32_1.1.1.202309131626/tools/bin/../lib/gcc/arm-none-eabi/11.3.1/../../../../arm-none-eabi/lib/thumb/v7e-m+fp/hard\libc_nano.a(libc_a-vsnprintf.o)
 .ARM.attributes
                0x0000000000000657       0x34 D:/STM32CubeIDE_1.13.2/STM32CubeIDE/plugins/com.st.stm32cube.ide.mcu.externaltools.gnu-tools-for-stm32.11.3.rel1.win32_1.1.1.202309131626/tools/bin/../lib/gcc/arm-none-eabi/11.3.1/../../../../arm-none-eabi/lib/thumb/v7e-m+fp/hard\libc_nano.a(libc_a-wbuf.o)
 .ARM.attributes
                0x000000000000068b       0x34 D:/STM32CubeIDE_1.13.2/STM32CubeIDE/plugins/com.st.stm32cube.ide.mcu.externaltools.gnu-tools-for-stm32.11.3.rel1.win32_1.1.1.202309131626/tools/bin/../lib/gcc/arm-none-eabi/11.3.1/../../../../arm-none-eabi/lib/thumb/v7e-m+fp/hard\libc_nano.a(libc_a-wsetup.o)
 .ARM.attributes
                0x00000000000006bf       0x34 D:/STM32CubeIDE_1.13.2/STM32CubeIDE/plugins/com.st.stm32cube.ide.mcu.externaltools.gnu-tools-for-stm32.11.3.rel1.win32_1.1.1.202309131626/tools/bin/../lib/gcc/arm-none-eabi/11.3.1/../../../../arm-none-eabi/lib/thumb/v7e-m+fp/hard\libc_nano.a(libc_a-memset.o)
 .ARM.attributes
                0x00000000000006f3       0x34 D:/STM32CubeIDE_1.13.2/STM32CubeIDE/plugins/com.st.stm32cube.ide.mcu.externaltools.gnu-tools-for-stm32.11.3.rel1.win32_1.1.1.202309131626/tools/bin/../lib/gcc/arm-none-eabi/11.3.1/../../../../arm-none-eabi/lib/thumb/v7e-m+fp/hard\libc_nano.a(libc_a-closer.o)
 .ARM.attributes
                0x0000000000000727       0x34 D:/STM32CubeIDE_1.13.2/STM32CubeIDE/plugins/com.st.stm32cube.ide.mcu.externaltools.gnu-tools-for-stm32.11.3.rel1.win32_1.1.1.202309131626/tools/bin/../lib/gcc/arm-none-eabi/11.3.1/../../../../arm-none-eabi/lib/thumb/v7e-m+fp/hard\libc_nano.a(libc_a-reent.o)
 .ARM.attributes
                0x000000000000075b       0x34 D:/STM32CubeIDE_1.13.2/STM32CubeIDE/plugins/com.st.stm32cube.ide.mcu.externaltools.gnu-tools-for-stm32.11.3.rel1.win32_1.1.1.202309131626/tools/bin/../lib/gcc/arm-none-eabi/11.3.1/../../../../arm-none-eabi/lib/thumb/v7e-m+fp/hard\libc_nano.a(libc_a-impure.o)
 .ARM.attributes
                0x000000000000078f       0x34 D:/STM32CubeIDE_1.13.2/STM32CubeIDE/plugins/com.st.stm32cube.ide.mcu.externaltools.gnu-tools-for-stm32.11.3.rel1.win32_1.1.1.202309131626/tools/bin/../lib/gcc/arm-none-eabi/11.3.1/../../../../arm-none-eabi/lib/thumb/v7e-m+fp/hard\libc_nano.a(libc_a-lseekr.o)
 .ARM.attributes
                0x00000000000007c3       0x34 D:/STM32CubeIDE_1.13.2/STM32CubeIDE/plugins/com.st.stm32cube.ide.mcu.externaltools.gnu-tools-for-stm32.11.3.rel1.win32_1.1.1.202309131626/tools/bin/../lib/gcc/arm-none-eabi/11.3.1/../../../../arm-none-eabi/lib/thumb/v7e-m+fp/hard\libc_nano.a(libc_a-readr.o)
 .ARM.attributes
                0x00000000000007f7       0x34 D:/STM32CubeIDE_1.13.2/STM32CubeIDE/plugins/com.st.stm32cube.ide.mcu.externaltools.gnu-tools-for-stm32.11.3.rel1.win32_1.1.1.202309131626/tools/bin/../lib/gcc/arm-none-eabi/11.3.1/../../../../arm-none-eabi/lib/thumb/v7e-m+fp/hard\libc_nano.a(libc_a-writer.o)
 .ARM.attributes
                0x000000000000082b       0x34 D:/STM32CubeIDE_1.13.2/STM32CubeIDE/plugins/com.st.stm32cube.ide.mcu.externaltools.gnu-tools-for-stm32.11.3.rel1.win32_1.1.1.202309131626/tools/bin/../lib/gcc/arm-none-eabi/11.3.1/../../../../arm-none-eabi/lib/thumb/v7e-m+fp/hard\libc_nano.a(libc_a-errno.o)
 .ARM.attributes
                0x000000000000085f       0x34 D:/STM32CubeIDE_1.13.2/STM32CubeIDE/plugins/com.st.stm32cube.ide.mcu.externaltools.gnu-tools-for-stm32.11.3.rel1.win32_1.1.1.202309131626/tools/bin/../lib/gcc/arm-none-eabi/11.3.1/../../../../arm-none-eabi/lib/thumb/v7e-m+fp/hard\libc_nano.a(libc_a-init.o)
 .ARM.attributes
                0x0000000000000893       0x34 D:/STM32CubeIDE_1.13.2/STM32CubeIDE/plugins/com.st.stm32cube.ide.mcu.externaltools.gnu-tools-for-stm32.11.3.rel1.win32_1.1.1.202309131626/tools/bin/../lib/gcc/arm-none-eabi/11.3.1/../../../../arm-none-eabi/lib/thumb/v7e-m+fp/hard\libc_nano.a(libc_a-lock.o)
 .ARM.attributes
                0x00000000000008c7       0x34 D:/STM32CubeIDE_1.13.2/STM32CubeIDE/plugins/com.st.stm32cube.ide.mcu.externaltools.gnu-tools-for-stm32.11.3.rel1.win32_1.1.1.202309131626/tools/bin/../lib/gcc/arm-none-eabi/11.3.1/../../../../arm-none-eabi/lib/thumb/v7e-m+fp/hard\libc_nano.a(libc_a-memcpy-stub.o)
 .ARM.attributes
                0x00000000000008fb       0x17 D:/STM32CubeIDE_1.13.2/STM32CubeIDE/plugins/com.st.stm32cube.ide.mcu.externaltools.gnu-tools-for-stm32.11.3.rel1.win32_1.1.1.202309131626/tools/bin/../lib/gcc/arm-none-eabi/11.3.1/../../../../arm-none-eabi/lib/thumb/v7e-m+fp/hard\libc_nano.a(libc_a-strlen.o)
 .ARM.attributes