../lmic/radio.c:280:13:writeReg	16	static
../lmic/radio.c:287:16:readReg	24	static
../lmic/radio.c:295:13:writeBuf	24	static
../lmic/radio.c:304:13:readBuf	32	static
../lmic/radio.c:313:13:opmode	16	static
../lmic/radio.c:317:13:opmodeLora	16	static
../lmic/radio.c:325:13:opmodeFSK	16	static
../lmic/radio.c:334:13:configLoraModem	16	static
../lmic/radio.c:413:13:configChannel	24	static
../lmic/radio.c:423:13:configPower	16	static
../lmic/radio.c:450:13:txfsk	8	static
../lmic/radio.c:493:13:txlora	64	static
../lmic/radio.c:546:13:starttx	8	static
../lmic/radio.c:566:13:rxlora	64	static
../lmic/radio.c:637:13:rxfsk	16	static
../lmic/radio.c:688:13:startrx	16	static
../lmic/radio.c:700:6:radio_init	40	static
../lmic/radio.c:761:9:radio_rand1	16	static
../lmic/radio.c:773:9:radio_rssi	16	static
../lmic/radio.c:792:6:radio_irq_handler	24	static
../lmic/radio.c:864:6:os_radio	16	static
